# Collective test starting: all_reduce_perf_mpi
# nThread 1 nGpus 1 minBytes 8 maxBytes 8589934592 step: 2(factor) warmup iters: 5 iters: 100 agg iters: 1 validation: 1 graph: 0
#
# Using devices
#  Rank  0 Group  0 Pid 1905790 on     gcn151 device  0 [0000:06:00] NVIDIA H100
#  Rank  1 Group  0 Pid 1905791 on     gcn151 device  1 [0000:26:00] NVIDIA H100
#  Rank  2 Group  0 Pid 1905792 on     gcn151 device  2 [0000:a6:00] NVIDIA H100
#  Rank  3 Group  0 Pid 1905793 on     gcn151 device  3 [0000:c6:00] NVIDIA H100
#  Rank  4 Group  0 Pid 1794761 on     gcn154 device  0 [0000:06:00] NVIDIA H100
#  Rank  5 Group  0 Pid 1794762 on     gcn154 device  1 [0000:26:00] NVIDIA H100
#  Rank  6 Group  0 Pid 1794763 on     gcn154 device  2 [0000:a6:00] NVIDIA H100
#  Rank  7 Group  0 Pid 1794764 on     gcn154 device  3 [0000:c6:00] NVIDIA H100
gcn151:1905790:1905790 [0] NCCL INFO NCCL_SOCKET_IFNAME set by environment to eno2np0
gcn151:1905790:1905790 [0] NCCL INFO Bootstrap : Using eno2np0:172.18.62.151<0>
gcn151:1905790:1905790 [0] NCCL INFO cudaDriverVersion 12090
gcn151:1905791:1905791 [1] NCCL INFO cudaDriverVersion 12090
gcn151:1905792:1905792 [2] NCCL INFO cudaDriverVersion 12090
gcn151:1905793:1905793 [3] NCCL INFO cudaDriverVersion 12090
gcn154:1794762:1794762 [1] NCCL INFO cudaDriverVersion 12090
gcn154:1794761:1794761 [0] NCCL INFO cudaDriverVersion 12090
gcn154:1794763:1794763 [2] NCCL INFO cudaDriverVersion 12090
gcn154:1794764:1794764 [3] NCCL INFO cudaDriverVersion 12090
gcn151:1905790:1905790 [0] NCCL INFO NCCL version 2.22.3+cuda12.6
gcn154:1794763:1794763 [2] NCCL INFO NCCL_SOCKET_IFNAME set by environment to eno2np0
gcn154:1794761:1794761 [0] NCCL INFO NCCL_SOCKET_IFNAME set by environment to eno2np0
gcn151:1905792:1905792 [2] NCCL INFO NCCL_SOCKET_IFNAME set by environment to eno2np0
gcn154:1794764:1794764 [3] NCCL INFO NCCL_SOCKET_IFNAME set by environment to eno2np0
gcn151:1905793:1905793 [3] NCCL INFO NCCL_SOCKET_IFNAME set by environment to eno2np0
gcn151:1905791:1905791 [1] NCCL INFO NCCL_SOCKET_IFNAME set by environment to eno2np0
gcn154:1794762:1794762 [1] NCCL INFO NCCL_SOCKET_IFNAME set by environment to eno2np0
gcn151:1905791:1905791 [1] NCCL INFO Bootstrap : Using eno2np0:172.18.62.151<0>
gcn151:1905791:1905791 [1] NCCL INFO NCCL version 2.22.3+cuda12.6
gcn151:1905792:1905792 [2] NCCL INFO Bootstrap : Using eno2np0:172.18.62.151<0>
gcn151:1905792:1905792 [2] NCCL INFO NCCL version 2.22.3+cuda12.6
gcn151:1905793:1905793 [3] NCCL INFO Bootstrap : Using eno2np0:172.18.62.151<0>
gcn151:1905793:1905793 [3] NCCL INFO NCCL version 2.22.3+cuda12.6
gcn154:1794763:1794763 [2] NCCL INFO Bootstrap : Using eno2np0:172.18.62.154<0>
gcn154:1794763:1794763 [2] NCCL INFO NCCL version 2.22.3+cuda12.6
gcn154:1794761:1794761 [0] NCCL INFO Bootstrap : Using eno2np0:172.18.62.154<0>
gcn154:1794761:1794761 [0] NCCL INFO NCCL version 2.22.3+cuda12.6
gcn154:1794762:1794762 [1] NCCL INFO Bootstrap : Using eno2np0:172.18.62.154<0>
gcn154:1794762:1794762 [1] NCCL INFO NCCL version 2.22.3+cuda12.6
gcn154:1794764:1794764 [3] NCCL INFO Bootstrap : Using eno2np0:172.18.62.154<0>
gcn154:1794764:1794764 [3] NCCL INFO NCCL version 2.22.3+cuda12.6
gcn151:1905792:1905840 [2] NCCL INFO NET/Plugin: Could not find: libnccl-net.so. Using internal network plugin.
gcn151:1905792:1905840 [2] NCCL INFO NCCL_SOCKET_IFNAME set by environment to eno2np0
gcn151:1905791:1905839 [1] NCCL INFO NET/Plugin: Could not find: libnccl-net.so. Using internal network plugin.
gcn151:1905791:1905839 [1] NCCL INFO NCCL_SOCKET_IFNAME set by environment to eno2np0
gcn154:1794764:1794805 [3] NCCL INFO NET/Plugin: Could not find: libnccl-net.so. Using internal network plugin.
gcn154:1794764:1794805 [3] NCCL INFO NCCL_SOCKET_IFNAME set by environment to eno2np0
gcn154:1794762:1794806 [1] NCCL INFO NET/Plugin: Could not find: libnccl-net.so. Using internal network plugin.
gcn154:1794761:1794804 [0] NCCL INFO NET/Plugin: Could not find: libnccl-net.so. Using internal network plugin.
gcn154:1794762:1794806 [1] NCCL INFO NCCL_SOCKET_IFNAME set by environment to eno2np0
gcn154:1794761:1794804 [0] NCCL INFO NCCL_SOCKET_IFNAME set by environment to eno2np0
gcn151:1905793:1905838 [3] NCCL INFO NET/Plugin: Could not find: libnccl-net.so. Using internal network plugin.
gcn151:1905793:1905838 [3] NCCL INFO NCCL_SOCKET_IFNAME set by environment to eno2np0
gcn151:1905790:1905837 [0] NCCL INFO NET/Plugin: Could not find: libnccl-net.so. Using internal network plugin.
gcn151:1905790:1905837 [0] NCCL INFO NCCL_SOCKET_IFNAME set by environment to eno2np0
gcn154:1794763:1794803 [2] NCCL INFO NET/Plugin: Could not find: libnccl-net.so. Using internal network plugin.
gcn154:1794763:1794803 [2] NCCL INFO NCCL_SOCKET_IFNAME set by environment to eno2np0
gcn151:1905792:1905840 [2] NCCL INFO NET/IB : Using [0]mlx5_0:1/RoCE [1]mlx5_2:1/IB [2]mlx5_3:1/IB [3]mlx5_4:1/IB [4]mlx5_5:1/IB [RO]; OOB eno2np0:172.18.62.151<0>
gcn151:1905791:1905839 [1] NCCL INFO NET/IB : Using [0]mlx5_0:1/RoCE [1]mlx5_2:1/IB [2]mlx5_3:1/IB [3]mlx5_4:1/IB [4]mlx5_5:1/IB [RO]; OOB eno2np0:172.18.62.151<0>
gcn151:1905792:1905840 [2] NCCL INFO Using network IB
gcn151:1905791:1905839 [1] NCCL INFO Using network IB
gcn151:1905793:1905838 [3] NCCL INFO NET/IB : Using [0]mlx5_0:1/RoCE [1]mlx5_2:1/IB [2]mlx5_3:1/IB [3]mlx5_4:1/IB [4]mlx5_5:1/IB [RO]; OOB eno2np0:172.18.62.151<0>
gcn151:1905790:1905837 [0] NCCL INFO NET/IB : Using [0]mlx5_0:1/RoCE [1]mlx5_2:1/IB [2]mlx5_3:1/IB [3]mlx5_4:1/IB [4]mlx5_5:1/IB [RO]; OOB eno2np0:172.18.62.151<0>
gcn151:1905793:1905838 [3] NCCL INFO Using network IB
gcn151:1905790:1905837 [0] NCCL INFO Using network IB
gcn154:1794761:1794804 [0] NCCL INFO NET/IB : Using [0]mlx5_0:1/RoCE [1]mlx5_2:1/IB [2]mlx5_3:1/IB [3]mlx5_4:1/IB [4]mlx5_5:1/IB [RO]; OOB eno2np0:172.18.62.154<0>
gcn154:1794764:1794805 [3] NCCL INFO NET/IB : Using [0]mlx5_0:1/RoCE [1]mlx5_2:1/IB [2]mlx5_3:1/IB [3]mlx5_4:1/IB [4]mlx5_5:1/IB [RO]; OOB eno2np0:172.18.62.154<0>
gcn154:1794762:1794806 [1] NCCL INFO NET/IB : Using [0]mlx5_0:1/RoCE [1]mlx5_2:1/IB [2]mlx5_3:1/IB [3]mlx5_4:1/IB [4]mlx5_5:1/IB [RO]; OOB eno2np0:172.18.62.154<0>
gcn154:1794763:1794803 [2] NCCL INFO NET/IB : Using [0]mlx5_0:1/RoCE [1]mlx5_2:1/IB [2]mlx5_3:1/IB [3]mlx5_4:1/IB [4]mlx5_5:1/IB [RO]; OOB eno2np0:172.18.62.154<0>
gcn154:1794761:1794804 [0] NCCL INFO Using network IB
gcn154:1794764:1794805 [3] NCCL INFO Using network IB
gcn154:1794762:1794806 [1] NCCL INFO Using network IB
gcn154:1794763:1794803 [2] NCCL INFO Using network IB
gcn154:1794764:1794805 [3] NCCL INFO ncclCommInitRank comm 0x4bb51b0 rank 7 nranks 8 cudaDev 3 nvmlDev 3 busId c6000 commId 0xdacdf03a29d2e60d - Init START
gcn154:1794763:1794803 [2] NCCL INFO ncclCommInitRank comm 0x3e86d50 rank 6 nranks 8 cudaDev 2 nvmlDev 2 busId a6000 commId 0xdacdf03a29d2e60d - Init START
gcn151:1905790:1905837 [0] NCCL INFO ncclCommInitRank comm 0x49bd310 rank 0 nranks 8 cudaDev 0 nvmlDev 0 busId 6000 commId 0xdacdf03a29d2e60d - Init START
gcn151:1905791:1905839 [1] NCCL INFO ncclCommInitRank comm 0x50d63c0 rank 1 nranks 8 cudaDev 1 nvmlDev 1 busId 26000 commId 0xdacdf03a29d2e60d - Init START
gcn151:1905792:1905840 [2] NCCL INFO ncclCommInitRank comm 0x48a4e10 rank 2 nranks 8 cudaDev 2 nvmlDev 2 busId a6000 commId 0xdacdf03a29d2e60d - Init START
gcn151:1905793:1905838 [3] NCCL INFO ncclCommInitRank comm 0x33d5280 rank 3 nranks 8 cudaDev 3 nvmlDev 3 busId c6000 commId 0xdacdf03a29d2e60d - Init START
gcn154:1794761:1794804 [0] NCCL INFO ncclCommInitRank comm 0x4b588f0 rank 4 nranks 8 cudaDev 0 nvmlDev 0 busId 6000 commId 0xdacdf03a29d2e60d - Init START
gcn154:1794762:1794806 [1] NCCL INFO ncclCommInitRank comm 0x358de10 rank 5 nranks 8 cudaDev 1 nvmlDev 1 busId 26000 commId 0xdacdf03a29d2e60d - Init START
gcn154:1794761:1794804 [0] NCCL INFO Setting affinity for GPU 0 to ffffffff
gcn154:1794762:1794806 [1] NCCL INFO Setting affinity for GPU 1 to ffffffff
gcn154:1794761:1794804 [0] NCCL INFO NVLS multicast support is not available on dev 0
gcn154:1794764:1794805 [3] NCCL INFO Setting affinity for GPU 3 to ffffffff,00000000
gcn154:1794764:1794805 [3] NCCL INFO NVLS multicast support is not available on dev 3
gcn154:1794762:1794806 [1] NCCL INFO NVLS multicast support is not available on dev 1
gcn154:1794763:1794803 [2] NCCL INFO Setting affinity for GPU 2 to ffffffff,00000000
gcn154:1794763:1794803 [2] NCCL INFO NVLS multicast support is not available on dev 2
gcn151:1905790:1905837 [0] NCCL INFO Setting affinity for GPU 0 to ffffffff
gcn151:1905790:1905837 [0] NCCL INFO NVLS multicast support is not available on dev 0
gcn151:1905793:1905838 [3] NCCL INFO Setting affinity for GPU 3 to ffffffff,00000000
gcn151:1905792:1905840 [2] NCCL INFO Setting affinity for GPU 2 to ffffffff,00000000
gcn151:1905792:1905840 [2] NCCL INFO NVLS multicast support is not available on dev 2
gcn151:1905793:1905838 [3] NCCL INFO NVLS multicast support is not available on dev 3
gcn151:1905791:1905839 [1] NCCL INFO Setting affinity for GPU 1 to ffffffff
gcn151:1905791:1905839 [1] NCCL INFO NVLS multicast support is not available on dev 1
gcn151:1905790:1905837 [0] NCCL INFO comm 0x49bd310 rank 0 nRanks 8 nNodes 2 localRanks 4 localRank 0 MNNVL 0
gcn154:1794764:1794805 [3] NCCL INFO comm 0x4bb51b0 rank 7 nRanks 8 nNodes 2 localRanks 4 localRank 3 MNNVL 0
gcn151:1905791:1905839 [1] NCCL INFO comm 0x50d63c0 rank 1 nRanks 8 nNodes 2 localRanks 4 localRank 1 MNNVL 0
gcn154:1794764:1794805 [3] NCCL INFO Trees [0] -1/-1/-1->7->6 [1] 4/-1/-1->7->6 [2] -1/-1/-1->7->5 [3] 4/-1/-1->7->3 [4] -1/-1/-1->7->6 [5] 4/-1/-1->7->6 [6] -1/-1/-1->7->5 [7] 4/3/-1->7->-1
gcn154:1794764:1794805 [3] NCCL INFO P2P Chunksize set to 131072
gcn151:1905792:1905840 [2] NCCL INFO comm 0x48a4e10 rank 2 nRanks 8 nNodes 2 localRanks 4 localRank 2 MNNVL 0
gcn151:1905793:1905838 [3] NCCL INFO comm 0x33d5280 rank 3 nRanks 8 nNodes 2 localRanks 4 localRank 3 MNNVL 0
gcn151:1905793:1905838 [3] NCCL INFO Trees [0] -1/-1/-1->3->2 [1] 0/-1/-1->3->2 [2] -1/-1/-1->3->1 [3] 0/7/-1->3->-1 [4] -1/-1/-1->3->2 [5] 0/-1/-1->3->2 [6] -1/-1/-1->3->1 [7] 0/-1/-1->3->7
gcn151:1905793:1905838 [3] NCCL INFO P2P Chunksize set to 131072
gcn151:1905790:1905837 [0] NCCL INFO Channel 00/08 :    0   1   2   3   4   5   6   7
gcn151:1905790:1905837 [0] NCCL INFO Channel 01/08 :    0   5   7   6   4   1   3   2
gcn151:1905790:1905837 [0] NCCL INFO Channel 02/08 :    0   3   6   5   4   7   2   1
gcn151:1905790:1905837 [0] NCCL INFO Channel 03/08 :    0   2   7   5   4   6   3   1
gcn151:1905791:1905839 [1] NCCL INFO Trees [0] 2/-1/-1->1->0 [1] 2/5/-1->1->-1 [2] 3/-1/-1->1->0 [3] -1/-1/-1->1->2 [4] 2/-1/-1->1->0 [5] 2/-1/-1->1->5 [6] 3/-1/-1->1->0 [7] -1/-1/-1->1->2
gcn151:1905791:1905839 [1] NCCL INFO P2P Chunksize set to 131072
gcn151:1905792:1905840 [2] NCCL INFO Trees [0] 3/-1/-1->2->1 [1] 3/-1/-1->2->1 [2] 0/6/-1->2->-1 [3] 1/-1/-1->2->0 [4] 3/-1/-1->2->1 [5] 3/-1/-1->2->1 [6] 0/-1/-1->2->6 [7] 1/-1/-1->2->0
gcn151:1905792:1905840 [2] NCCL INFO P2P Chunksize set to 131072
gcn151:1905790:1905837 [0] NCCL INFO Channel 04/08 :    0   1   2   3   4   5   6   7
gcn151:1905790:1905837 [0] NCCL INFO Channel 05/08 :    0   5   7   6   4   1   3   2
gcn151:1905790:1905837 [0] NCCL INFO Channel 06/08 :    0   3   6   5   4   7   2   1
gcn151:1905790:1905837 [0] NCCL INFO Channel 07/08 :    0   2   7   5   4   6   3   1
gcn151:1905790:1905837 [0] NCCL INFO Trees [0] 1/4/-1->0->-1 [1] -1/-1/-1->0->3 [2] 1/-1/-1->0->2 [3] 2/-1/-1->0->3 [4] 1/-1/-1->0->4 [5] -1/-1/-1->0->3 [6] 1/-1/-1->0->2 [7] 2/-1/-1->0->3
gcn151:1905790:1905837 [0] NCCL INFO P2P Chunksize set to 131072
gcn154:1794761:1794804 [0] NCCL INFO comm 0x4b588f0 rank 4 nRanks 8 nNodes 2 localRanks 4 localRank 0 MNNVL 0
gcn154:1794761:1794804 [0] NCCL INFO Trees [0] 5/-1/-1->4->0 [1] -1/-1/-1->4->7 [2] 5/-1/-1->4->6 [3] 6/-1/-1->4->7 [4] 5/0/-1->4->-1 [5] -1/-1/-1->4->7 [6] 5/-1/-1->4->6 [7] 6/-1/-1->4->7
gcn154:1794761:1794804 [0] NCCL INFO P2P Chunksize set to 131072
gcn154:1794762:1794806 [1] NCCL INFO comm 0x358de10 rank 5 nRanks 8 nNodes 2 localRanks 4 localRank 1 MNNVL 0
gcn154:1794762:1794806 [1] NCCL INFO Trees [0] 6/-1/-1->5->4 [1] 6/-1/-1->5->1 [2] 7/-1/-1->5->4 [3] -1/-1/-1->5->6 [4] 6/-1/-1->5->4 [5] 6/1/-1->5->-1 [6] 7/-1/-1->5->4 [7] -1/-1/-1->5->6
gcn154:1794762:1794806 [1] NCCL INFO P2P Chunksize set to 131072
gcn154:1794763:1794803 [2] NCCL INFO comm 0x3e86d50 rank 6 nRanks 8 nNodes 2 localRanks 4 localRank 2 MNNVL 0
gcn154:1794763:1794803 [2] NCCL INFO Trees [0] 7/-1/-1->6->5 [1] 7/-1/-1->6->5 [2] 4/-1/-1->6->2 [3] 5/-1/-1->6->4 [4] 7/-1/-1->6->5 [5] 7/-1/-1->6->5 [6] 4/2/-1->6->-1 [7] 5/-1/-1->6->4
gcn154:1794763:1794803 [2] NCCL INFO P2P Chunksize set to 131072
gcn151:1905790:1905837 [0] NCCL INFO threadThresholds 8/8/64 | 64/8/64 | 512 | 512
gcn151:1905790:1905837 [0] NCCL INFO 8 coll channels, 8 collnet channels, 0 nvls channels, 8 p2p channels, 2 p2p channels per peer
gcn151:1905790:1905837 [0] NCCL INFO CC Off, Multi-GPU CC Off, workFifoBytes 1048576
gcn154:1794764:1794805 [3] NCCL INFO threadThresholds 8/8/64 | 64/8/64 | 512 | 512
gcn154:1794764:1794805 [3] NCCL INFO 8 coll channels, 8 collnet channels, 0 nvls channels, 8 p2p channels, 2 p2p channels per peer
gcn151:1905792:1905840 [2] NCCL INFO threadThresholds 8/8/64 | 64/8/64 | 512 | 512
gcn151:1905792:1905840 [2] NCCL INFO 8 coll channels, 8 collnet channels, 0 nvls channels, 8 p2p channels, 2 p2p channels per peer
gcn151:1905791:1905839 [1] NCCL INFO threadThresholds 8/8/64 | 64/8/64 | 512 | 512
gcn151:1905791:1905839 [1] NCCL INFO 8 coll channels, 8 collnet channels, 0 nvls channels, 8 p2p channels, 2 p2p channels per peer
gcn154:1794763:1794803 [2] NCCL INFO threadThresholds 8/8/64 | 64/8/64 | 512 | 512
gcn154:1794763:1794803 [2] NCCL INFO 8 coll channels, 8 collnet channels, 0 nvls channels, 8 p2p channels, 2 p2p channels per peer
gcn154:1794762:1794806 [1] NCCL INFO threadThresholds 8/8/64 | 64/8/64 | 512 | 512
gcn154:1794762:1794806 [1] NCCL INFO 8 coll channels, 8 collnet channels, 0 nvls channels, 8 p2p channels, 2 p2p channels per peer
gcn151:1905793:1905838 [3] NCCL INFO threadThresholds 8/8/64 | 64/8/64 | 512 | 512
gcn151:1905793:1905838 [3] NCCL INFO 8 coll channels, 8 collnet channels, 0 nvls channels, 8 p2p channels, 2 p2p channels per peer
gcn154:1794761:1794804 [0] NCCL INFO threadThresholds 8/8/64 | 64/8/64 | 512 | 512
gcn154:1794761:1794804 [0] NCCL INFO 8 coll channels, 8 collnet channels, 0 nvls channels, 8 p2p channels, 2 p2p channels per peer
gcn151:1905792:1905840 [2] NCCL INFO TUNER/Plugin: Could not find: libnccl-tuner.so libnccl-net.so. Using internal tuner plugin.
gcn151:1905792:1905840 [2] NCCL INFO ncclCommInitRank comm 0x48a4e10 rank 2 nranks 8 cudaDev 2 nvmlDev 2 busId a6000 commId 0xdacdf03a29d2e60d - Init COMPLETE
gcn151:1905791:1905839 [1] NCCL INFO TUNER/Plugin: Could not find: libnccl-tuner.so libnccl-net.so. Using internal tuner plugin.
gcn151:1905791:1905839 [1] NCCL INFO ncclCommInitRank comm 0x50d63c0 rank 1 nranks 8 cudaDev 1 nvmlDev 1 busId 26000 commId 0xdacdf03a29d2e60d - Init COMPLETE
gcn151:1905792:1905840 [2] NCCL INFO Init timings: rank 2 nranks 8 total 2.31 (kernels 0.16, bootstrap 2.01, allgathers 0.00, topo 0.02, graphs 0.09, connections 0.01, rest 0.00)
gcn151:1905791:1905839 [1] NCCL INFO Init timings: rank 1 nranks 8 total 2.31 (kernels 0.17, bootstrap 2.01, allgathers 0.01, topo 0.03, graphs 0.08, connections 0.01, rest 0.00)
gcn151:1905793:1905838 [3] NCCL INFO TUNER/Plugin: Could not find: libnccl-tuner.so libnccl-net.so. Using internal tuner plugin.
gcn151:1905793:1905838 [3] NCCL INFO ncclCommInitRank comm 0x33d5280 rank 3 nranks 8 cudaDev 3 nvmlDev 3 busId c6000 commId 0xdacdf03a29d2e60d - Init COMPLETE
gcn151:1905790:1905837 [0] NCCL INFO TUNER/Plugin: Could not find: libnccl-tuner.so libnccl-net.so. Using internal tuner plugin.
gcn151:1905790:1905837 [0] NCCL INFO ncclCommInitRank comm 0x49bd310 rank 0 nranks 8 cudaDev 0 nvmlDev 0 busId 6000 commId 0xdacdf03a29d2e60d - Init COMPLETE
gcn151:1905793:1905838 [3] NCCL INFO Init timings: rank 3 nranks 8 total 2.31 (kernels 0.17, bootstrap 2.01, allgathers 0.01, topo 0.02, graphs 0.08, connections 0.01, rest 0.00)
gcn151:1905790:1905837 [0] NCCL INFO Init timings: rank 0 nranks 8 total 2.31 (kernels 0.18, bootstrap 2.00, allgathers 0.01, topo 0.02, graphs 0.08, connections 0.01, rest 0.00)
#
#                                                              out-of-place                       in-place          
gcn154:1794762:1794806 [1] NCCL INFO TUNER/Plugin: Could not find: libnccl-tuner.so libnccl-net.so. Using internal tuner plugin.
gcn154:1794762:1794806 [1] NCCL INFO ncclCommInitRank comm 0x358de10 rank 5 nranks 8 cudaDev 1 nvmlDev 1 busId 26000 commId 0xdacdf03a29d2e60d - Init COMPLETE
gcn154:1794762:1794806 [1] NCCL INFO Init timings: rank 5 nranks 8 total 2.31 (kernels 0.17, bootstrap 2.01, allgathers 0.01, topo 0.02, graphs 0.09, connections 0.01, rest 0.00)
#       size         count      type   redop    root     time   algbw   busbw #wrong     time   algbw   busbw #wrong
#        (B)    (elements)                               (us)  (GB/s)  (GB/s)            (us)  (GB/s)  (GB/s)       
gcn154:1794764:1794805 [3] NCCL INFO TUNER/Plugin: Could not find: libnccl-tuner.so libnccl-net.so. Using internal tuner plugin.
gcn154:1794764:1794805 [3] NCCL INFO ncclCommInitRank comm 0x4bb51b0 rank 7 nranks 8 cudaDev 3 nvmlDev 3 busId c6000 commId 0xdacdf03a29d2e60d - Init COMPLETE
gcn154:1794764:1794805 [3] NCCL INFO Init timings: rank 7 nranks 8 total 2.31 (kernels 0.17, bootstrap 2.01, allgathers 0.01, topo 0.02, graphs 0.08, connections 0.01, rest 0.00)
gcn154:1794763:1794803 [2] NCCL INFO TUNER/Plugin: Could not find: libnccl-tuner.so libnccl-net.so. Using internal tuner plugin.
gcn154:1794763:1794803 [2] NCCL INFO ncclCommInitRank comm 0x3e86d50 rank 6 nranks 8 cudaDev 2 nvmlDev 2 busId a6000 commId 0xdacdf03a29d2e60d - Init COMPLETE
gcn154:1794761:1794804 [0] NCCL INFO TUNER/Plugin: Could not find: libnccl-tuner.so libnccl-net.so. Using internal tuner plugin.
gcn154:1794761:1794804 [0] NCCL INFO ncclCommInitRank comm 0x4b588f0 rank 4 nranks 8 cudaDev 0 nvmlDev 0 busId 6000 commId 0xdacdf03a29d2e60d - Init COMPLETE
gcn154:1794761:1794804 [0] NCCL INFO Init timings: rank 4 nranks 8 total 2.31 (kernels 0.17, bootstrap 2.01, allgathers 0.01, topo 0.02, graphs 0.08, connections 0.01, rest 0.00)
gcn154:1794763:1794803 [2] NCCL INFO Init timings: rank 6 nranks 8 total 2.31 (kernels 0.18, bootstrap 2.00, allgathers 0.01, topo 0.02, graphs 0.09, connections 0.01, rest 0.00)
gcn151:1905790:1905871 [0] NCCL INFO Channel 00/0 : 0[0] -> 1[1] via P2P/CUMEM
gcn154:1794761:1794836 [0] NCCL INFO Channel 00/0 : 4[0] -> 5[1] via P2P/CUMEM
gcn151:1905790:1905871 [0] NCCL INFO Channel 02/0 : 0[0] -> 1[1] via P2P/CUMEM
gcn154:1794761:1794836 [0] NCCL INFO Channel 02/0 : 4[0] -> 5[1] via P2P/CUMEM
gcn151:1905790:1905871 [0] NCCL INFO Channel 04/0 : 0[0] -> 1[1] via P2P/CUMEM
gcn154:1794761:1794836 [0] NCCL INFO Channel 04/0 : 4[0] -> 5[1] via P2P/CUMEM
gcn151:1905790:1905871 [0] NCCL INFO Channel 06/0 : 0[0] -> 1[1] via P2P/CUMEM
gcn151:1905791:1905874 [1] NCCL INFO Channel 00/0 : 1[1] -> 2[2] via P2P/CUMEM
gcn154:1794761:1794836 [0] NCCL INFO Channel 06/0 : 4[0] -> 5[1] via P2P/CUMEM
gcn151:1905791:1905874 [1] NCCL INFO Channel 01/0 : 1[1] -> 2[2] via P2P/CUMEM
gcn154:1794762:1794838 [1] NCCL INFO Channel 00/0 : 5[1] -> 6[2] via P2P/CUMEM
gcn151:1905792:1905873 [2] NCCL INFO Channel 00/0 : 2[2] -> 3[3] via P2P/CUMEM
gcn151:1905791:1905874 [1] NCCL INFO Channel 03/0 : 1[1] -> 2[2] via P2P/CUMEM
gcn151:1905792:1905873 [2] NCCL INFO Channel 01/0 : 2[2] -> 3[3] via P2P/CUMEM
gcn154:1794762:1794838 [1] NCCL INFO Channel 01/0 : 5[1] -> 6[2] via P2P/CUMEM
gcn154:1794763:1794837 [2] NCCL INFO Channel 00/0 : 6[2] -> 7[3] via P2P/CUMEM
gcn151:1905791:1905874 [1] NCCL INFO Channel 04/0 : 1[1] -> 2[2] via P2P/CUMEM
gcn151:1905792:1905873 [2] NCCL INFO Channel 04/0 : 2[2] -> 3[3] via P2P/CUMEM
gcn154:1794762:1794838 [1] NCCL INFO Channel 03/0 : 5[1] -> 6[2] via P2P/CUMEM
gcn154:1794763:1794837 [2] NCCL INFO Channel 01/0 : 6[2] -> 7[3] via P2P/CUMEM
gcn151:1905791:1905874 [1] NCCL INFO Channel 05/0 : 1[1] -> 2[2] via P2P/CUMEM
gcn151:1905792:1905873 [2] NCCL INFO Channel 05/0 : 2[2] -> 3[3] via P2P/CUMEM
gcn154:1794762:1794838 [1] NCCL INFO Channel 04/0 : 5[1] -> 6[2] via P2P/CUMEM
gcn154:1794763:1794837 [2] NCCL INFO Channel 04/0 : 6[2] -> 7[3] via P2P/CUMEM
gcn151:1905791:1905874 [1] NCCL INFO Channel 07/0 : 1[1] -> 2[2] via P2P/CUMEM
gcn154:1794763:1794837 [2] NCCL INFO Channel 05/0 : 6[2] -> 7[3] via P2P/CUMEM
gcn154:1794762:1794838 [1] NCCL INFO Channel 05/0 : 5[1] -> 6[2] via P2P/CUMEM
gcn151:1905790:1905871 [0] NCCL INFO Channel 02/0 : 0[0] -> 2[2] via P2P/CUMEM
gcn154:1794762:1794838 [1] NCCL INFO Channel 07/0 : 5[1] -> 6[2] via P2P/CUMEM
gcn151:1905791:1905874 [1] NCCL INFO Channel 02/0 : 1[1] -> 3[3] via P2P/CUMEM
gcn151:1905790:1905871 [0] NCCL INFO Channel 03/0 : 0[0] -> 2[2] via P2P/CUMEM
gcn154:1794761:1794836 [0] NCCL INFO Channel 02/0 : 4[0] -> 6[2] via P2P/CUMEM
gcn151:1905791:1905874 [1] NCCL INFO Channel 06/0 : 1[1] -> 3[3] via P2P/CUMEM
gcn154:1794762:1794838 [1] NCCL INFO Channel 02/0 : 5[1] -> 7[3] via P2P/CUMEM
gcn151:1905790:1905871 [0] NCCL INFO Channel 06/0 : 0[0] -> 2[2] via P2P/CUMEM
gcn154:1794761:1794836 [0] NCCL INFO Channel 03/0 : 4[0] -> 6[2] via P2P/CUMEM
gcn154:1794762:1794838 [1] NCCL INFO Channel 06/0 : 5[1] -> 7[3] via P2P/CUMEM
gcn151:1905790:1905871 [0] NCCL INFO Channel 07/0 : 0[0] -> 2[2] via P2P/CUMEM
gcn154:1794761:1794836 [0] NCCL INFO Channel 06/0 : 4[0] -> 6[2] via P2P/CUMEM
gcn154:1794761:1794836 [0] NCCL INFO Channel 07/0 : 4[0] -> 6[2] via P2P/CUMEM
gcn151:1905790:1905871 [0] NCCL INFO Channel 01/0 : 0[0] -> 3[3] via P2P/CUMEM
gcn151:1905790:1905871 [0] NCCL INFO Channel 03/0 : 0[0] -> 3[3] via P2P/CUMEM
gcn154:1794761:1794836 [0] NCCL INFO Channel 01/0 : 4[0] -> 7[3] via P2P/CUMEM
gcn151:1905790:1905871 [0] NCCL INFO Channel 05/0 : 0[0] -> 3[3] via P2P/CUMEM
gcn154:1794761:1794836 [0] NCCL INFO Channel 03/0 : 4[0] -> 7[3] via P2P/CUMEM
gcn151:1905790:1905871 [0] NCCL INFO Channel 07/0 : 0[0] -> 3[3] via P2P/CUMEM
gcn154:1794761:1794836 [0] NCCL INFO Channel 05/0 : 4[0] -> 7[3] via P2P/CUMEM
gcn154:1794761:1794836 [0] NCCL INFO Channel 07/0 : 4[0] -> 7[3] via P2P/CUMEM
gcn151:1905791:1905874 [1] NCCL INFO Channel 01/0 : 5[1] -> 1[1] [receive] via NET/IB/1/GDRDMA
gcn151:1905791:1905874 [1] NCCL INFO Channel 05/0 : 5[1] -> 1[1] [receive] via NET/IB/1/GDRDMA
gcn151:1905791:1905874 [1] NCCL INFO Channel 01/0 : 1[1] -> 5[1] [send] via NET/IB/1/GDRDMA
gcn151:1905792:1905873 [2] NCCL INFO Channel 02/0 : 6[2] -> 2[2] [receive] via NET/IB/4/GDRDMA
gcn151:1905791:1905874 [1] NCCL INFO Channel 05/0 : 1[1] -> 5[1] [send] via NET/IB/1/GDRDMA
gcn154:1794762:1794838 [1] NCCL INFO Channel 01/0 : 1[1] -> 5[1] [receive] via NET/IB/1/GDRDMA
gcn151:1905792:1905873 [2] NCCL INFO Channel 06/0 : 6[2] -> 2[2] [receive] via NET/IB/4/GDRDMA
gcn154:1794762:1794838 [1] NCCL INFO Channel 05/0 : 1[1] -> 5[1] [receive] via NET/IB/1/GDRDMA
gcn151:1905792:1905873 [2] NCCL INFO Channel 02/0 : 2[2] -> 6[2] [send] via NET/IB/4/GDRDMA
gcn154:1794762:1794838 [1] NCCL INFO Channel 01/0 : 5[1] -> 1[1] [send] via NET/IB/1/GDRDMA
gcn151:1905792:1905873 [2] NCCL INFO Channel 06/0 : 2[2] -> 6[2] [send] via NET/IB/4/GDRDMA
gcn154:1794762:1794838 [1] NCCL INFO Channel 05/0 : 5[1] -> 1[1] [send] via NET/IB/1/GDRDMA
gcn154:1794763:1794837 [2] NCCL INFO Channel 02/0 : 2[2] -> 6[2] [receive] via NET/IB/4/GDRDMA
gcn154:1794763:1794837 [2] NCCL INFO Channel 06/0 : 2[2] -> 6[2] [receive] via NET/IB/4/GDRDMA
gcn154:1794763:1794837 [2] NCCL INFO Channel 02/0 : 6[2] -> 2[2] [send] via NET/IB/4/GDRDMA
gcn154:1794763:1794837 [2] NCCL INFO Channel 06/0 : 6[2] -> 2[2] [send] via NET/IB/4/GDRDMA
gcn151:1905793:1905872 [3] NCCL INFO Channel 03/0 : 7[3] -> 3[3] [receive] via NET/IB/3/GDRDMA
gcn151:1905793:1905872 [3] NCCL INFO Channel 07/0 : 7[3] -> 3[3] [receive] via NET/IB/3/GDRDMA
gcn151:1905792:1905873 [2] NCCL INFO Channel 02/0 : 2[2] -> 0[0] via P2P/CUMEM
gcn154:1794763:1794837 [2] NCCL INFO Channel 02/0 : 6[2] -> 4[0] via P2P/CUMEM
gcn151:1905793:1905872 [3] NCCL INFO Channel 03/0 : 3[3] -> 7[3] [send] via NET/IB/3/GDRDMA
gcn151:1905793:1905872 [3] NCCL INFO Channel 07/0 : 3[3] -> 7[3] [send] via NET/IB/3/GDRDMA
gcn151:1905790:1905871 [0] NCCL INFO Channel 00/0 : 4[0] -> 0[0] [receive] via NET/IB/2/GDRDMA
gcn154:1794763:1794837 [2] NCCL INFO Channel 03/0 : 6[2] -> 4[0] via P2P/CUMEM
gcn151:1905792:1905873 [2] NCCL INFO Channel 03/0 : 2[2] -> 0[0] via P2P/CUMEM
gcn151:1905790:1905871 [0] NCCL INFO Channel 04/0 : 4[0] -> 0[0] [receive] via NET/IB/2/GDRDMA
gcn151:1905790:1905871 [0] NCCL INFO Channel 00/0 : 0[0] -> 4[0] [send] via NET/IB/2/GDRDMA
gcn154:1794763:1794837 [2] NCCL INFO Channel 06/0 : 6[2] -> 4[0] via P2P/CUMEM
gcn151:1905790:1905871 [0] NCCL INFO Channel 04/0 : 0[0] -> 4[0] [send] via NET/IB/2/GDRDMA
gcn151:1905792:1905873 [2] NCCL INFO Channel 06/0 : 2[2] -> 0[0] via P2P/CUMEM
gcn154:1794764:1794839 [3] NCCL INFO Channel 03/0 : 3[3] -> 7[3] [receive] via NET/IB/3/GDRDMA
gcn154:1794763:1794837 [2] NCCL INFO Channel 07/0 : 6[2] -> 4[0] via P2P/CUMEM
gcn154:1794764:1794839 [3] NCCL INFO Channel 07/0 : 3[3] -> 7[3] [receive] via NET/IB/3/GDRDMA
gcn151:1905792:1905873 [2] NCCL INFO Channel 07/0 : 2[2] -> 0[0] via P2P/CUMEM
gcn154:1794761:1794836 [0] NCCL INFO Channel 00/0 : 0[0] -> 4[0] [receive] via NET/IB/2/GDRDMA
gcn154:1794764:1794839 [3] NCCL INFO Channel 03/0 : 7[3] -> 3[3] [send] via NET/IB/3/GDRDMA
gcn154:1794761:1794836 [0] NCCL INFO Channel 04/0 : 0[0] -> 4[0] [receive] via NET/IB/2/GDRDMA
gcn154:1794764:1794839 [3] NCCL INFO Channel 07/0 : 7[3] -> 3[3] [send] via NET/IB/3/GDRDMA
gcn154:1794761:1794836 [0] NCCL INFO Channel 00/0 : 4[0] -> 0[0] [send] via NET/IB/2/GDRDMA
gcn151:1905793:1905872 [3] NCCL INFO Channel 01/0 : 3[3] -> 0[0] via P2P/CUMEM
gcn154:1794761:1794836 [0] NCCL INFO Channel 04/0 : 4[0] -> 0[0] [send] via NET/IB/2/GDRDMA
gcn154:1794764:1794839 [3] NCCL INFO Channel 01/0 : 7[3] -> 4[0] via P2P/CUMEM
gcn151:1905793:1905872 [3] NCCL INFO Channel 03/0 : 3[3] -> 0[0] via P2P/CUMEM
gcn154:1794764:1794839 [3] NCCL INFO Channel 03/0 : 7[3] -> 4[0] via P2P/CUMEM
gcn151:1905793:1905872 [3] NCCL INFO Channel 05/0 : 3[3] -> 0[0] via P2P/CUMEM
gcn154:1794764:1794839 [3] NCCL INFO Channel 05/0 : 7[3] -> 4[0] via P2P/CUMEM
gcn151:1905793:1905872 [3] NCCL INFO Channel 07/0 : 3[3] -> 0[0] via P2P/CUMEM
gcn154:1794764:1794839 [3] NCCL INFO Channel 07/0 : 7[3] -> 4[0] via P2P/CUMEM
gcn154:1794764:1794839 [3] NCCL INFO Channel 02/0 : 7[3] -> 5[1] via P2P/CUMEM
gcn151:1905793:1905872 [3] NCCL INFO Channel 02/0 : 3[3] -> 1[1] via P2P/CUMEM
gcn154:1794764:1794839 [3] NCCL INFO Channel 06/0 : 7[3] -> 5[1] via P2P/CUMEM
gcn151:1905793:1905872 [3] NCCL INFO Channel 06/0 : 3[3] -> 1[1] via P2P/CUMEM
gcn154:1794764:1794839 [3] NCCL INFO Channel 00/0 : 7[3] -> 6[2] via P2P/CUMEM
gcn151:1905793:1905872 [3] NCCL INFO Channel 00/0 : 3[3] -> 2[2] via P2P/CUMEM
gcn154:1794764:1794839 [3] NCCL INFO Channel 01/0 : 7[3] -> 6[2] via P2P/CUMEM
gcn151:1905793:1905872 [3] NCCL INFO Channel 01/0 : 3[3] -> 2[2] via P2P/CUMEM
gcn154:1794764:1794839 [3] NCCL INFO Channel 04/0 : 7[3] -> 6[2] via P2P/CUMEM
gcn151:1905793:1905872 [3] NCCL INFO Channel 04/0 : 3[3] -> 2[2] via P2P/CUMEM
gcn154:1794764:1794839 [3] NCCL INFO Channel 05/0 : 7[3] -> 6[2] via P2P/CUMEM
gcn151:1905793:1905872 [3] NCCL INFO Channel 05/0 : 3[3] -> 2[2] via P2P/CUMEM
gcn154:1794763:1794837 [2] NCCL INFO Channel 00/0 : 6[2] -> 5[1] via P2P/CUMEM
gcn151:1905792:1905873 [2] NCCL INFO Channel 00/0 : 2[2] -> 1[1] via P2P/CUMEM
gcn154:1794763:1794837 [2] NCCL INFO Channel 01/0 : 6[2] -> 5[1] via P2P/CUMEM
gcn151:1905791:1905874 [1] NCCL INFO Channel 00/0 : 1[1] -> 0[0] via P2P/CUMEM
gcn151:1905792:1905873 [2] NCCL INFO Channel 01/0 : 2[2] -> 1[1] via P2P/CUMEM
gcn154:1794762:1794838 [1] NCCL INFO Channel 00/0 : 5[1] -> 4[0] via P2P/CUMEM
gcn154:1794763:1794837 [2] NCCL INFO Channel 03/0 : 6[2] -> 5[1] via P2P/CUMEM
gcn154:1794762:1794838 [1] NCCL INFO Channel 02/0 : 5[1] -> 4[0] via P2P/CUMEM
gcn151:1905792:1905873 [2] NCCL INFO Channel 03/0 : 2[2] -> 1[1] via P2P/CUMEM
gcn151:1905791:1905874 [1] NCCL INFO Channel 02/0 : 1[1] -> 0[0] via P2P/CUMEM
gcn154:1794763:1794837 [2] NCCL INFO Channel 04/0 : 6[2] -> 5[1] via P2P/CUMEM
gcn154:1794762:1794838 [1] NCCL INFO Channel 04/0 : 5[1] -> 4[0] via P2P/CUMEM
gcn151:1905791:1905874 [1] NCCL INFO Channel 04/0 : 1[1] -> 0[0] via P2P/CUMEM
gcn151:1905792:1905873 [2] NCCL INFO Channel 04/0 : 2[2] -> 1[1] via P2P/CUMEM
gcn154:1794763:1794837 [2] NCCL INFO Channel 05/0 : 6[2] -> 5[1] via P2P/CUMEM
gcn154:1794762:1794838 [1] NCCL INFO Channel 06/0 : 5[1] -> 4[0] via P2P/CUMEM
gcn151:1905792:1905873 [2] NCCL INFO Channel 05/0 : 2[2] -> 1[1] via P2P/CUMEM
gcn151:1905791:1905874 [1] NCCL INFO Channel 06/0 : 1[1] -> 0[0] via P2P/CUMEM
gcn154:1794763:1794837 [2] NCCL INFO Channel 07/0 : 6[2] -> 5[1] via P2P/CUMEM
gcn151:1905792:1905873 [2] NCCL INFO Channel 07/0 : 2[2] -> 1[1] via P2P/CUMEM
gcn154:1794761:1794836 [0] NCCL INFO Connected all trees
gcn154:1794764:1794839 [3] NCCL INFO Connected all trees
gcn154:1794762:1794838 [1] NCCL INFO Connected all trees
gcn154:1794763:1794837 [2] NCCL INFO Connected all trees
gcn151:1905790:1905871 [0] NCCL INFO Connected all trees
gcn151:1905793:1905872 [3] NCCL INFO Connected all trees
gcn151:1905792:1905873 [2] NCCL INFO Connected all trees
gcn151:1905791:1905874 [1] NCCL INFO Connected all trees
           8             2     float     sum      -1    17.12    0.00    0.00      0    17.00    0.00    0.00      0
          16             4     float     sum      -1    17.01    0.00    0.00      0    16.96    0.00    0.00      0
          32             8     float     sum      -1    17.20    0.00    0.00      0    17.05    0.00    0.00      0
          64            16     float     sum      -1    17.39    0.00    0.01      0    17.22    0.00    0.01      0
         128            32     float     sum      -1    17.58    0.01    0.01      0    17.49    0.01    0.01      0
         256            64     float     sum      -1    17.87    0.01    0.03      0    17.75    0.01    0.03      0
         512           128     float     sum      -1    18.25    0.03    0.05      0    18.05    0.03    0.05      0
        1024           256     float     sum      -1    18.74    0.05    0.10      0    18.72    0.05    0.10      0
        2048           512     float     sum      -1    20.06    0.10    0.18      0    19.96    0.10    0.18      0
        4096          1024     float     sum      -1    21.55    0.19    0.33      0    21.45    0.19    0.33      0
        8192          2048     float     sum      -1    21.89    0.37    0.65      0    21.64    0.38    0.66      0
       16384          4096     float     sum      -1    22.72    0.72    1.26      0    22.48    0.73    1.28      0
       32768          8192     float     sum      -1    23.03    1.42    2.49      0    22.91    1.43    2.50      0
       65536         16384     float     sum      -1    27.47    2.39    4.18      0    26.65    2.46    4.30      0
      131072         32768     float     sum      -1    36.25    3.62    6.33      0    36.07    3.63    6.36      0
      262144         65536     float     sum      -1    40.92    6.41   11.21      0    40.86    6.42   11.23      0
      524288        131072     float     sum      -1    50.99   10.28   18.00      0    51.21   10.24   17.91      0
     1048576        262144     float     sum      -1    70.60   14.85   25.99      0    70.16   14.95   26.15      0
gcn151:1905792:1905880 [2] NCCL INFO Channel 02/0 : 7[3] -> 2[2] [receive] via NET/IB/4/GDRDMA
gcn151:1905792:1905880 [2] NCCL INFO Channel 06/0 : 7[3] -> 2[2] [receive] via NET/IB/4/GDRDMA
gcn154:1794762:1794845 [1] NCCL INFO Channel 01/0 : 5[1] -> 7[3] via P2P/CUMEM
gcn151:1905791:1905882 [1] NCCL INFO Channel 01/0 : 1[1] -> 3[3] via P2P/CUMEM
     2097152        524288     float     sum      -1gcn151:1905790:1905879 [0] NCCL INFO Channel 00/0 : 7[3] -> 0[0] [receive] via NET/IB/2/GDRDMA
gcn154:1794763:1794846 [2] NCCL INFO Channel 02/0 : 3[3] -> 6[2] [receive] via NET/IB/4/GDRDMA
gcn154:1794763:1794846 [2] NCCL INFO Channel 06/0 : 3[3] -> 6[2] [receive] via NET/IB/4/GDRDMA
gcn151:1905790:1905879 [0] NCCL INFO Channel 04/0 : 7[3] -> 0[0] [receive] via NET/IB/2/GDRDMA
gcn151:1905793:1905881 [3] NCCL INFO Channel 00/0 : 3[3] -> 4[0] [send] via NET/IB/2(0)/GDRDMA
gcn154:1794761:1794844 [0] NCCL INFO Channel 00/0 : 3[3] -> 4[0] [receive] via NET/IB/2/GDRDMA
gcn154:1794764:1794847 [3] NCCL INFO Channel 00/0 : 7[3] -> 0[0] [send] via NET/IB/2(4)/GDRDMA
gcn154:1794761:1794844 [0] NCCL INFO Channel 04/0 : 3[3] -> 4[0] [receive] via NET/IB/2/GDRDMA
gcn151:1905793:1905881 [3] NCCL INFO Channel 04/0 : 3[3] -> 4[0] [send] via NET/IB/2(0)/GDRDMA
gcn154:1794764:1794847 [3] NCCL INFO Channel 04/0 : 7[3] -> 0[0] [send] via NET/IB/2(4)/GDRDMA
gcn151:1905790:1905879 [0] NCCL INFO Channel 02/0 : 0[0] -> 3[3] via P2P/CUMEM
gcn154:1794761:1794844 [0] NCCL INFO Channel 02/0 : 4[0] -> 7[3] via P2P/CUMEM
gcn154:1794762:1794845 [1] NCCL INFO Channel 05/0 : 5[1] -> 7[3] via P2P/CUMEM
gcn151:1905791:1905882 [1] NCCL INFO Channel 05/0 : 1[1] -> 3[3] via P2P/CUMEM
gcn151:1905790:1905879 [0] NCCL INFO Channel 06/0 : 0[0] -> 3[3] via P2P/CUMEM
gcn154:1794761:1794844 [0] NCCL INFO Channel 06/0 : 4[0] -> 7[3] via P2P/CUMEM
gcn151:1905791:1905882 [1] NCCL INFO Channel 01/0 : 4[0] -> 1[1] [receive] via NET/IB/1/GDRDMA
gcn154:1794762:1794845 [1] NCCL INFO Channel 01/0 : 0[0] -> 5[1] [receive] via NET/IB/1/GDRDMA
gcn151:1905791:1905882 [1] NCCL INFO Channel 05/0 : 4[0] -> 1[1] [receive] via NET/IB/1/GDRDMA
gcn154:1794762:1794845 [1] NCCL INFO Channel 05/0 : 0[0] -> 5[1] [receive] via NET/IB/1/GDRDMA
gcn151:1905793:1905881 [3] NCCL INFO Channel 02/0 : 3[3] -> 6[2] [send] via NET/IB/4(2)/GDRDMA
gcn154:1794764:1794847 [3] NCCL INFO Channel 02/0 : 7[3] -> 2[2] [send] via NET/IB/4(6)/GDRDMA
gcn151:1905793:1905881 [3] NCCL INFO Channel 06/0 : 3[3] -> 6[2] [send] via NET/IB/4(2)/GDRDMA
gcn154:1794764:1794847 [3] NCCL INFO Channel 06/0 : 7[3] -> 2[2] [send] via NET/IB/4(6)/GDRDMA
gcn151:1905790:1905879 [0] NCCL INFO Channel 01/0 : 0[0] -> 5[1] [send] via NET/IB/1(1)/GDRDMA
gcn151:1905793:1905881 [3] NCCL INFO Channel 03/0 : 6[2] -> 3[3] [receive] via NET/IB/3/GDRDMA
gcn151:1905790:1905879 [0] NCCL INFO Channel 05/0 : 0[0] -> 5[1] [send] via NET/IB/1(1)/GDRDMA
gcn154:1794761:1794844 [0] NCCL INFO Channel 01/0 : 4[0] -> 1[1] [send] via NET/IB/1(5)/GDRDMA
gcn151:1905793:1905881 [3] NCCL INFO Channel 07/0 : 6[2] -> 3[3] [receive] via NET/IB/3/GDRDMA
gcn154:1794761:1794844 [0] NCCL INFO Channel 05/0 : 4[0] -> 1[1] [send] via NET/IB/1(5)/GDRDMA
gcn154:1794764:1794847 [3] NCCL INFO Channel 03/0 : 2[2] -> 7[3] [receive] via NET/IB/3/GDRDMA
gcn151:1905792:1905880 [2] NCCL INFO Channel 03/0 : 2[2] -> 7[3] [send] via NET/IB/3(3)/GDRDMA
gcn154:1794763:1794846 [2] NCCL INFO Channel 03/0 : 6[2] -> 3[3] [send] via NET/IB/3(7)/GDRDMA
gcn154:1794764:1794847 [3] NCCL INFO Channel 07/0 : 2[2] -> 7[3] [receive] via NET/IB/3/GDRDMA
gcn154:1794763:1794846 [2] NCCL INFO Channel 07/0 : 6[2] -> 3[3] [send] via NET/IB/3(7)/GDRDMA
gcn151:1905792:1905880 [2] NCCL INFO Channel 07/0 : 2[2] -> 7[3] [send] via NET/IB/3(3)/GDRDMA
gcn151:1905793:1905881 [3] NCCL INFO Channel 03/0 : 3[3] -> 1[1] via P2P/CUMEM
gcn154:1794763:1794846 [2] NCCL INFO Channel 01/0 : 6[2] -> 4[0] via P2P/CUMEM
gcn151:1905792:1905880 [2] NCCL INFO Channel 01/0 : 2[2] -> 0[0] via P2P/CUMEM
gcn154:1794764:1794847 [3] NCCL INFO Channel 03/0 : 7[3] -> 5[1] via P2P/CUMEM
gcn154:1794764:1794847 [3] NCCL INFO Channel 07/0 : 7[3] -> 5[1] via P2P/CUMEM
gcn151:1905793:1905881 [3] NCCL INFO Channel 07/0 : 3[3] -> 1[1] via P2P/CUMEM
gcn154:1794763:1794846 [2] NCCL INFO Channel 05/0 : 6[2] -> 4[0] via P2P/CUMEM
gcn151:1905792:1905880 [2] NCCL INFO Channel 05/0 : 2[2] -> 0[0] via P2P/CUMEM
gcn151:1905792:1905880 [2] NCCL INFO Channel 02/0 : 2[2] -> 1[1] via P2P/CUMEM
gcn154:1794763:1794846 [2] NCCL INFO Channel 02/0 : 6[2] -> 5[1] via P2P/CUMEM
gcn151:1905792:1905880 [2] NCCL INFO Channel 06/0 : 2[2] -> 1[1] via P2P/CUMEM
gcn154:1794763:1794846 [2] NCCL INFO Channel 06/0 : 6[2] -> 5[1] via P2P/CUMEM
gcn151:1905791:1905882 [1] NCCL INFO Channel 03/0 : 1[1] -> 0[0] via P2P/CUMEM
gcn154:1794762:1794845 [1] NCCL INFO Channel 03/0 : 5[1] -> 4[0] via P2P/CUMEM
gcn151:1905791:1905882 [1] NCCL INFO Channel 07/0 : 1[1] -> 0[0] via P2P/CUMEM
gcn154:1794762:1794845 [1] NCCL INFO Channel 07/0 : 5[1] -> 4[0] via P2P/CUMEM
gcn151:1905793:1905881 [3] NCCL INFO Connected all rings
gcn151:1905790:1905879 [0] NCCL INFO Connected all rings
gcn154:1794764:1794847 [3] NCCL INFO Connected all rings
gcn151:1905792:1905880 [2] NCCL INFO Connected all rings
gcn154:1794761:1794844 [0] NCCL INFO Connected all rings
gcn151:1905791:1905882 [1] NCCL INFO Connected all rings
gcn154:1794763:1794846 [2] NCCL INFO Connected all rings
gcn154:1794762:1794845 [1] NCCL INFO Connected all rings
    93.65   22.39   39.19      0    84.09   24.94   43.64      0
     4194304       1048576     float     sum      -1    136.7   30.68   53.70      0    136.4   30.75   53.81      0
     8388608       2097152     float     sum      -1    197.7   42.44   74.27      0    196.7   42.65   74.63      0
    16777216       4194304     float     sum      -1    356.8   47.03   82.30      0    356.5   47.06   82.35      0
    33554432       8388608     float     sum      -1    676.8   49.58   86.76      0    679.6   49.37   86.40      0
    67108864      16777216     float     sum      -1   1151.9   58.26  101.95      0   1178.3   56.96   99.67      0
   134217728      33554432     float     sum      -1   2135.3   62.86  110.00      0   2130.9   62.99  110.23      0
   268435456      67108864     float     sum      -1   3961.7   67.76  118.58      0   3973.2   67.56  118.23      0
   536870912     134217728     float     sum      -1   6243.3   85.99  150.48      0   6243.7   85.99  150.48      0
  1073741824     268435456     float     sum      -1    12268   87.52  153.17      0    12244   87.69  153.46      0
  2147483648     536870912     float     sum      -1    24280   88.45  154.78      0    24248   88.56  154.98      0
  4294967296    1073741824     float     sum      -1    48310   88.91  155.58      0    48391   88.76  155.32      0
  8589934592    2147483648     float     sum      -1    96587   88.93  155.64      0    96346   89.16  156.03      0
gcn154:1794764:1794764 [3] NCCL INFO comm 0x4bb51b0 rank 7 nranks 8 cudaDev 3 busId c6000 - Destroy COMPLETE
gcn151:1905791:1905791 [1] NCCL INFO comm 0x50d63c0 rank 1 nranks 8 cudaDev 1 busId 26000 - Destroy COMPLETE
gcn154:1794762:1794762 [1] NCCL INFO comm 0x358de10 rank 5 nranks 8 cudaDev 1 busId 26000 - Destroy COMPLETE
gcn154:1794761:1794761 [0] NCCL INFO comm 0x4b588f0 rank 4 nranks 8 cudaDev 0 busId 6000 - Destroy COMPLETE
gcn151:1905790:1905790 [0] NCCL INFO comm 0x49bd310 rank 0 nranks 8 cudaDev 0 busId 6000 - Destroy COMPLETE
gcn154:1794763:1794763 [2] NCCL INFO comm 0x3e86d50 rank 6 nranks 8 cudaDev 2 busId a6000 - Destroy COMPLETE
# Out of bounds values : 0 OK
# Avg bus bandwidth    : 48.6704 
#
# Collective test concluded: all_reduce_perf_mpi
gcn151:1905793:1905793 [3] NCCL INFO comm 0x33d5280 rank 3 nranks 8 cudaDev 3 busId c6000 - Destroy COMPLETE
gcn151:1905792:1905792 [2] NCCL INFO comm 0x48a4e10 rank 2 nranks 8 cudaDev 2 busId a6000 - Destroy COMPLETE

