# Collective test starting: reduce_scatter_perf_mpi
# nThread 1 nGpus 1 minBytes 8 maxBytes 8589934592 step: 2(factor) warmup iters: 5 iters: 20 agg iters: 1 validation: 1 graph: 0
#
# Using devices
#  Rank  0 Group  0 Pid 1905512 on     gcn151 device  0 [0000:06:00] NVIDIA H100
#  Rank  1 Group  0 Pid 1905513 on     gcn151 device  1 [0000:26:00] NVIDIA H100
#  Rank  2 Group  0 Pid 1905514 on     gcn151 device  2 [0000:a6:00] NVIDIA H100
#  Rank  3 Group  0 Pid 1905515 on     gcn151 device  3 [0000:c6:00] NVIDIA H100
#  Rank  4 Group  0 Pid 1794507 on     gcn154 device  0 [0000:06:00] NVIDIA H100
#  Rank  5 Group  0 Pid 1794508 on     gcn154 device  1 [0000:26:00] NVIDIA H100
#  Rank  6 Group  0 Pid 1794509 on     gcn154 device  2 [0000:a6:00] NVIDIA H100
#  Rank  7 Group  0 Pid 1794510 on     gcn154 device  3 [0000:c6:00] NVIDIA H100
gcn151:1905512:1905512 [0] NCCL INFO NCCL_SOCKET_IFNAME set by environment to eno2np0
gcn151:1905512:1905512 [0] NCCL INFO Bootstrap : Using eno2np0:172.18.62.151<0>
gcn151:1905512:1905512 [0] NCCL INFO cudaDriverVersion 12090
gcn151:1905513:1905513 [1] NCCL INFO cudaDriverVersion 12090
gcn154:1794508:1794508 [1] NCCL INFO cudaDriverVersion 12090
gcn151:1905514:1905514 [2] NCCL INFO cudaDriverVersion 12090
gcn151:1905515:1905515 [3] NCCL INFO cudaDriverVersion 12090
gcn154:1794510:1794510 [3] NCCL INFO cudaDriverVersion 12090
gcn154:1794509:1794509 [2] NCCL INFO cudaDriverVersion 12090
gcn154:1794507:1794507 [0] NCCL INFO cudaDriverVersion 12090
gcn151:1905512:1905512 [0] NCCL INFO NCCL version 2.22.3+cuda12.6
gcn151:1905515:1905515 [3] NCCL INFO NCCL_SOCKET_IFNAME set by environment to eno2np0
gcn154:1794510:1794510 [3] NCCL INFO NCCL_SOCKET_IFNAME set by environment to eno2np0
gcn151:1905513:1905513 [1] NCCL INFO NCCL_SOCKET_IFNAME set by environment to eno2np0
gcn151:1905514:1905514 [2] NCCL INFO NCCL_SOCKET_IFNAME set by environment to eno2np0
gcn154:1794508:1794508 [1] NCCL INFO NCCL_SOCKET_IFNAME set by environment to eno2np0
gcn154:1794507:1794507 [0] NCCL INFO NCCL_SOCKET_IFNAME set by environment to eno2np0
gcn154:1794509:1794509 [2] NCCL INFO NCCL_SOCKET_IFNAME set by environment to eno2np0
gcn151:1905513:1905513 [1] NCCL INFO Bootstrap : Using eno2np0:172.18.62.151<0>
gcn151:1905513:1905513 [1] NCCL INFO NCCL version 2.22.3+cuda12.6
gcn151:1905514:1905514 [2] NCCL INFO Bootstrap : Using eno2np0:172.18.62.151<0>
gcn151:1905514:1905514 [2] NCCL INFO NCCL version 2.22.3+cuda12.6
gcn151:1905515:1905515 [3] NCCL INFO Bootstrap : Using eno2np0:172.18.62.151<0>
gcn151:1905515:1905515 [3] NCCL INFO NCCL version 2.22.3+cuda12.6
gcn154:1794507:1794507 [0] NCCL INFO Bootstrap : Using eno2np0:172.18.62.154<0>
gcn154:1794507:1794507 [0] NCCL INFO NCCL version 2.22.3+cuda12.6
gcn154:1794508:1794508 [1] NCCL INFO Bootstrap : Using eno2np0:172.18.62.154<0>
gcn154:1794508:1794508 [1] NCCL INFO NCCL version 2.22.3+cuda12.6
gcn154:1794509:1794509 [2] NCCL INFO Bootstrap : Using eno2np0:172.18.62.154<0>
gcn154:1794509:1794509 [2] NCCL INFO NCCL version 2.22.3+cuda12.6
gcn154:1794510:1794510 [3] NCCL INFO Bootstrap : Using eno2np0:172.18.62.154<0>
gcn154:1794510:1794510 [3] NCCL INFO NCCL version 2.22.3+cuda12.6
gcn154:1794509:1794549 [2] NCCL INFO NET/Plugin: Could not find: libnccl-net.so. Using internal network plugin.
gcn154:1794509:1794549 [2] NCCL INFO NCCL_SOCKET_IFNAME set by environment to eno2np0
gcn151:1905512:1905557 [0] NCCL INFO NET/Plugin: Could not find: libnccl-net.so. Using internal network plugin.
gcn151:1905512:1905557 [0] NCCL INFO NCCL_SOCKET_IFNAME set by environment to eno2np0
gcn154:1794510:1794552 [3] NCCL INFO NET/Plugin: Could not find: libnccl-net.so. Using internal network plugin.
gcn154:1794510:1794552 [3] NCCL INFO NCCL_SOCKET_IFNAME set by environment to eno2np0
gcn154:1794508:1794551 [1] NCCL INFO NET/Plugin: Could not find: libnccl-net.so. Using internal network plugin.
gcn151:1905515:1905559 [3] NCCL INFO NET/Plugin: Could not find: libnccl-net.so. Using internal network plugin.
gcn151:1905514:1905558 [2] NCCL INFO NET/Plugin: Could not find: libnccl-net.so. Using internal network plugin.
gcn154:1794508:1794551 [1] NCCL INFO NCCL_SOCKET_IFNAME set by environment to eno2np0
gcn154:1794507:1794550 [0] NCCL INFO NET/Plugin: Could not find: libnccl-net.so. Using internal network plugin.
gcn151:1905515:1905559 [3] NCCL INFO NCCL_SOCKET_IFNAME set by environment to eno2np0
gcn151:1905514:1905558 [2] NCCL INFO NCCL_SOCKET_IFNAME set by environment to eno2np0
gcn154:1794507:1794550 [0] NCCL INFO NCCL_SOCKET_IFNAME set by environment to eno2np0
gcn151:1905513:1905560 [1] NCCL INFO NET/Plugin: Could not find: libnccl-net.so. Using internal network plugin.
gcn151:1905513:1905560 [1] NCCL INFO NCCL_SOCKET_IFNAME set by environment to eno2np0
gcn151:1905515:1905559 [3] NCCL INFO NET/IB : Using [0]mlx5_0:1/RoCE [1]mlx5_2:1/IB [2]mlx5_3:1/IB [3]mlx5_4:1/IB [4]mlx5_5:1/IB [RO]; OOB eno2np0:172.18.62.151<0>
gcn151:1905512:1905557 [0] NCCL INFO NET/IB : Using [0]mlx5_0:1/RoCE [1]mlx5_2:1/IB [2]mlx5_3:1/IB [3]mlx5_4:1/IB [4]mlx5_5:1/IB [RO]; OOB eno2np0:172.18.62.151<0>
gcn151:1905514:1905558 [2] NCCL INFO NET/IB : Using [0]mlx5_0:1/RoCE [1]mlx5_2:1/IB [2]mlx5_3:1/IB [3]mlx5_4:1/IB [4]mlx5_5:1/IB [RO]; OOB eno2np0:172.18.62.151<0>
gcn151:1905515:1905559 [3] NCCL INFO Using network IB
gcn151:1905512:1905557 [0] NCCL INFO Using network IB
gcn151:1905514:1905558 [2] NCCL INFO Using network IB
gcn151:1905513:1905560 [1] NCCL INFO NET/IB : Using [0]mlx5_0:1/RoCE [1]mlx5_2:1/IB [2]mlx5_3:1/IB [3]mlx5_4:1/IB [4]mlx5_5:1/IB [RO]; OOB eno2np0:172.18.62.151<0>
gcn151:1905513:1905560 [1] NCCL INFO Using network IB
gcn154:1794509:1794549 [2] NCCL INFO NET/IB : Using [0]mlx5_0:1/RoCE [1]mlx5_2:1/IB [2]mlx5_3:1/IB [3]mlx5_4:1/IB [4]mlx5_5:1/IB [RO]; OOB eno2np0:172.18.62.154<0>
gcn154:1794510:1794552 [3] NCCL INFO NET/IB : Using [0]mlx5_0:1/RoCE [1]mlx5_2:1/IB [2]mlx5_3:1/IB [3]mlx5_4:1/IB [4]mlx5_5:1/IB [RO]; OOB eno2np0:172.18.62.154<0>
gcn154:1794508:1794551 [1] NCCL INFO NET/IB : Using [0]mlx5_0:1/RoCE [1]mlx5_2:1/IB [2]mlx5_3:1/IB [3]mlx5_4:1/IB [4]mlx5_5:1/IB [RO]; OOB eno2np0:172.18.62.154<0>
gcn154:1794507:1794550 [0] NCCL INFO NET/IB : Using [0]mlx5_0:1/RoCE [1]mlx5_2:1/IB [2]mlx5_3:1/IB [3]mlx5_4:1/IB [4]mlx5_5:1/IB [RO]; OOB eno2np0:172.18.62.154<0>
gcn154:1794509:1794549 [2] NCCL INFO Using network IB
gcn154:1794510:1794552 [3] NCCL INFO Using network IB
gcn154:1794508:1794551 [1] NCCL INFO Using network IB
gcn154:1794507:1794550 [0] NCCL INFO Using network IB
gcn151:1905513:1905560 [1] NCCL INFO ncclCommInitRank comm 0x3e9fde0 rank 1 nranks 8 cudaDev 1 nvmlDev 1 busId 26000 commId 0xa715777d55d3c619 - Init START
gcn151:1905514:1905558 [2] NCCL INFO ncclCommInitRank comm 0x4ffd730 rank 2 nranks 8 cudaDev 2 nvmlDev 2 busId a6000 commId 0xa715777d55d3c619 - Init START
gcn154:1794507:1794550 [0] NCCL INFO ncclCommInitRank comm 0x3e82490 rank 4 nranks 8 cudaDev 0 nvmlDev 0 busId 6000 commId 0xa715777d55d3c619 - Init START
gcn151:1905515:1905559 [3] NCCL INFO ncclCommInitRank comm 0x3654700 rank 3 nranks 8 cudaDev 3 nvmlDev 3 busId c6000 commId 0xa715777d55d3c619 - Init START
gcn151:1905512:1905557 [0] NCCL INFO ncclCommInitRank comm 0x36cc640 rank 0 nranks 8 cudaDev 0 nvmlDev 0 busId 6000 commId 0xa715777d55d3c619 - Init START
gcn154:1794508:1794551 [1] NCCL INFO ncclCommInitRank comm 0x36d3f90 rank 5 nranks 8 cudaDev 1 nvmlDev 1 busId 26000 commId 0xa715777d55d3c619 - Init START
gcn154:1794509:1794549 [2] NCCL INFO ncclCommInitRank comm 0x3d31630 rank 6 nranks 8 cudaDev 2 nvmlDev 2 busId a6000 commId 0xa715777d55d3c619 - Init START
gcn154:1794510:1794552 [3] NCCL INFO ncclCommInitRank comm 0x40b0ef0 rank 7 nranks 8 cudaDev 3 nvmlDev 3 busId c6000 commId 0xa715777d55d3c619 - Init START
gcn154:1794507:1794550 [0] NCCL INFO Setting affinity for GPU 0 to ffffffff
gcn154:1794507:1794550 [0] NCCL INFO NVLS multicast support is not available on dev 0
gcn154:1794508:1794551 [1] NCCL INFO Setting affinity for GPU 1 to ffffffff
gcn154:1794508:1794551 [1] NCCL INFO NVLS multicast support is not available on dev 1
gcn154:1794510:1794552 [3] NCCL INFO Setting affinity for GPU 3 to ffffffff,00000000
gcn154:1794510:1794552 [3] NCCL INFO NVLS multicast support is not available on dev 3
gcn154:1794509:1794549 [2] NCCL INFO Setting affinity for GPU 2 to ffffffff,00000000
gcn154:1794509:1794549 [2] NCCL INFO NVLS multicast support is not available on dev 2
gcn151:1905512:1905557 [0] NCCL INFO Setting affinity for GPU 0 to ffffffff
gcn151:1905512:1905557 [0] NCCL INFO NVLS multicast support is not available on dev 0
gcn151:1905513:1905560 [1] NCCL INFO Setting affinity for GPU 1 to ffffffff
gcn151:1905513:1905560 [1] NCCL INFO NVLS multicast support is not available on dev 1
gcn151:1905514:1905558 [2] NCCL INFO Setting affinity for GPU 2 to ffffffff,00000000
gcn151:1905514:1905558 [2] NCCL INFO NVLS multicast support is not available on dev 2
gcn151:1905515:1905559 [3] NCCL INFO Setting affinity for GPU 3 to ffffffff,00000000
gcn151:1905515:1905559 [3] NCCL INFO NVLS multicast support is not available on dev 3
gcn151:1905512:1905557 [0] NCCL INFO comm 0x36cc640 rank 0 nRanks 8 nNodes 2 localRanks 4 localRank 0 MNNVL 0
gcn151:1905512:1905557 [0] NCCL INFO Channel 00/08 :    0   1   2   3   4   5   6   7
gcn151:1905514:1905558 [2] NCCL INFO comm 0x4ffd730 rank 2 nRanks 8 nNodes 2 localRanks 4 localRank 2 MNNVL 0
gcn151:1905515:1905559 [3] NCCL INFO comm 0x3654700 rank 3 nRanks 8 nNodes 2 localRanks 4 localRank 3 MNNVL 0
gcn151:1905515:1905559 [3] NCCL INFO Trees [0] -1/-1/-1->3->2 [1] 0/-1/-1->3->2 [2] -1/-1/-1->3->1 [3] 0/7/-1->3->-1 [4] -1/-1/-1->3->2 [5] 0/-1/-1->3->2 [6] -1/-1/-1->3->1 [7] 0/-1/-1->3->7
gcn151:1905515:1905559 [3] NCCL INFO P2P Chunksize set to 131072
gcn154:1794509:1794549 [2] NCCL INFO comm 0x3d31630 rank 6 nRanks 8 nNodes 2 localRanks 4 localRank 2 MNNVL 0
gcn154:1794509:1794549 [2] NCCL INFO Trees [0] 7/-1/-1->6->5 [1] 7/-1/-1->6->5 [2] 4/-1/-1->6->2 [3] 5/-1/-1->6->4 [4] 7/-1/-1->6->5 [5] 7/-1/-1->6->5 [6] 4/2/-1->6->-1 [7] 5/-1/-1->6->4
gcn151:1905512:1905557 [0] NCCL INFO Channel 01/08 :    0   5   7   6   4   1   3   2
gcn151:1905512:1905557 [0] NCCL INFO Channel 02/08 :    0   3   6   5   4   7   2   1
gcn151:1905512:1905557 [0] NCCL INFO Channel 03/08 :    0   2   7   5   4   6   3   1
gcn151:1905512:1905557 [0] NCCL INFO Channel 04/08 :    0   1   2   3   4   5   6   7
gcn151:1905512:1905557 [0] NCCL INFO Channel 05/08 :    0   5   7   6   4   1   3   2
gcn151:1905512:1905557 [0] NCCL INFO Channel 06/08 :    0   3   6   5   4   7   2   1
gcn151:1905512:1905557 [0] NCCL INFO Channel 07/08 :    0   2   7   5   4   6   3   1
gcn151:1905512:1905557 [0] NCCL INFO Trees [0] 1/4/-1->0->-1 [1] -1/-1/-1->0->3 [2] 1/-1/-1->0->2 [3] 2/-1/-1->0->3 [4] 1/-1/-1->0->4 [5] -1/-1/-1->0->3 [6] 1/-1/-1->0->2 [7] 2/-1/-1->0->3
gcn151:1905512:1905557 [0] NCCL INFO P2P Chunksize set to 131072
gcn154:1794510:1794552 [3] NCCL INFO comm 0x40b0ef0 rank 7 nRanks 8 nNodes 2 localRanks 4 localRank 3 MNNVL 0
gcn154:1794510:1794552 [3] NCCL INFO Trees [0] -1/-1/-1->7->6 [1] 4/-1/-1->7->6 [2] -1/-1/-1->7->5 [3] 4/-1/-1->7->3 [4] -1/-1/-1->7->6 [5] 4/-1/-1->7->6 [6] -1/-1/-1->7->5 [7] 4/3/-1->7->-1
gcn154:1794510:1794552 [3] NCCL INFO P2P Chunksize set to 131072
gcn151:1905513:1905560 [1] NCCL INFO comm 0x3e9fde0 rank 1 nRanks 8 nNodes 2 localRanks 4 localRank 1 MNNVL 0
gcn151:1905513:1905560 [1] NCCL INFO Trees [0] 2/-1/-1->1->0 [1] 2/5/-1->1->-1 [2] 3/-1/-1->1->0 [3] -1/-1/-1->1->2 [4] 2/-1/-1->1->0 [5] 2/-1/-1->1->5 [6] 3/-1/-1->1->0 [7] -1/-1/-1->1->2
gcn151:1905513:1905560 [1] NCCL INFO P2P Chunksize set to 131072
gcn151:1905514:1905558 [2] NCCL INFO Trees [0] 3/-1/-1->2->1 [1] 3/-1/-1->2->1 [2] 0/6/-1->2->-1 [3] 1/-1/-1->2->0 [4] 3/-1/-1->2->1 [5] 3/-1/-1->2->1 [6] 0/-1/-1->2->6 [7] 1/-1/-1->2->0
gcn151:1905514:1905558 [2] NCCL INFO P2P Chunksize set to 131072
gcn154:1794507:1794550 [0] NCCL INFO comm 0x3e82490 rank 4 nRanks 8 nNodes 2 localRanks 4 localRank 0 MNNVL 0
gcn154:1794507:1794550 [0] NCCL INFO Trees [0] 5/-1/-1->4->0 [1] -1/-1/-1->4->7 [2] 5/-1/-1->4->6 [3] 6/-1/-1->4->7 [4] 5/0/-1->4->-1 [5] -1/-1/-1->4->7 [6] 5/-1/-1->4->6 [7] 6/-1/-1->4->7
gcn154:1794507:1794550 [0] NCCL INFO P2P Chunksize set to 131072
gcn154:1794508:1794551 [1] NCCL INFO comm 0x36d3f90 rank 5 nRanks 8 nNodes 2 localRanks 4 localRank 1 MNNVL 0
gcn154:1794508:1794551 [1] NCCL INFO Trees [0] 6/-1/-1->5->4 [1] 6/-1/-1->5->1 [2] 7/-1/-1->5->4 [3] -1/-1/-1->5->6 [4] 6/-1/-1->5->4 [5] 6/1/-1->5->-1 [6] 7/-1/-1->5->4 [7] -1/-1/-1->5->6
gcn154:1794508:1794551 [1] NCCL INFO P2P Chunksize set to 131072
gcn154:1794509:1794549 [2] NCCL INFO P2P Chunksize set to 131072
gcn154:1794507:1794550 [0] NCCL INFO threadThresholds 8/8/64 | 64/8/64 | 512 | 512
gcn154:1794507:1794550 [0] NCCL INFO 8 coll channels, 8 collnet channels, 0 nvls channels, 8 p2p channels, 2 p2p channels per peer
gcn154:1794509:1794549 [2] NCCL INFO threadThresholds 8/8/64 | 64/8/64 | 512 | 512
gcn154:1794509:1794549 [2] NCCL INFO 8 coll channels, 8 collnet channels, 0 nvls channels, 8 p2p channels, 2 p2p channels per peer
gcn151:1905514:1905558 [2] NCCL INFO threadThresholds 8/8/64 | 64/8/64 | 512 | 512
gcn151:1905514:1905558 [2] NCCL INFO 8 coll channels, 8 collnet channels, 0 nvls channels, 8 p2p channels, 2 p2p channels per peer
gcn151:1905512:1905557 [0] NCCL INFO threadThresholds 8/8/64 | 64/8/64 | 512 | 512
gcn151:1905512:1905557 [0] NCCL INFO 8 coll channels, 8 collnet channels, 0 nvls channels, 8 p2p channels, 2 p2p channels per peer
gcn154:1794510:1794552 [3] NCCL INFO threadThresholds 8/8/64 | 64/8/64 | 512 | 512
gcn154:1794510:1794552 [3] NCCL INFO 8 coll channels, 8 collnet channels, 0 nvls channels, 8 p2p channels, 2 p2p channels per peer
gcn151:1905512:1905557 [0] NCCL INFO CC Off, Multi-GPU CC Off, workFifoBytes 1048576
gcn151:1905515:1905559 [3] NCCL INFO threadThresholds 8/8/64 | 64/8/64 | 512 | 512
gcn151:1905515:1905559 [3] NCCL INFO 8 coll channels, 8 collnet channels, 0 nvls channels, 8 p2p channels, 2 p2p channels per peer
gcn154:1794508:1794551 [1] NCCL INFO threadThresholds 8/8/64 | 64/8/64 | 512 | 512
gcn154:1794508:1794551 [1] NCCL INFO 8 coll channels, 8 collnet channels, 0 nvls channels, 8 p2p channels, 2 p2p channels per peer
gcn151:1905513:1905560 [1] NCCL INFO threadThresholds 8/8/64 | 64/8/64 | 512 | 512
gcn151:1905513:1905560 [1] NCCL INFO 8 coll channels, 8 collnet channels, 0 nvls channels, 8 p2p channels, 2 p2p channels per peer
gcn154:1794509:1794549 [2] NCCL INFO TUNER/Plugin: Could not find: libnccl-tuner.so libnccl-net.so. Using internal tuner plugin.
gcn154:1794509:1794549 [2] NCCL INFO ncclCommInitRank comm 0x3d31630 rank 6 nranks 8 cudaDev 2 nvmlDev 2 busId a6000 commId 0xa715777d55d3c619 - Init COMPLETE
gcn154:1794509:1794549 [2] NCCL INFO Init timings: rank 6 nranks 8 total 2.31 (kernels 0.16, bootstrap 2.02, allgathers 0.01, topo 0.02, graphs 0.09, connections 0.01, rest 0.00)
gcn154:1794510:1794552 [3] NCCL INFO TUNER/Plugin: Could not find: libnccl-tuner.so libnccl-net.so. Using internal tuner plugin.
gcn154:1794510:1794552 [3] NCCL INFO ncclCommInitRank comm 0x40b0ef0 rank 7 nranks 8 cudaDev 3 nvmlDev 3 busId c6000 commId 0xa715777d55d3c619 - Init COMPLETE
gcn154:1794510:1794552 [3] NCCL INFO Init timings: rank 7 nranks 8 total 2.31 (kernels 0.16, bootstrap 2.02, allgathers 0.01, topo 0.02, graphs 0.08, connections 0.01, rest 0.00)
gcn154:1794507:1794550 [0] NCCL INFO TUNER/Plugin: Could not find: libnccl-tuner.so libnccl-net.so. Using internal tuner plugin.
gcn154:1794507:1794550 [0] NCCL INFO ncclCommInitRank comm 0x3e82490 rank 4 nranks 8 cudaDev 0 nvmlDev 0 busId 6000 commId 0xa715777d55d3c619 - Init COMPLETE
gcn154:1794507:1794550 [0] NCCL INFO Init timings: rank 4 nranks 8 total 2.31 (kernels 0.17, bootstrap 2.01, allgathers 0.01, topo 0.02, graphs 0.08, connections 0.01, rest 0.00)
gcn154:1794508:1794551 [1] NCCL INFO TUNER/Plugin: Could not find: libnccl-tuner.so libnccl-net.so. Using internal tuner plugin.
gcn154:1794508:1794551 [1] NCCL INFO ncclCommInitRank comm 0x36d3f90 rank 5 nranks 8 cudaDev 1 nvmlDev 1 busId 26000 commId 0xa715777d55d3c619 - Init COMPLETE
gcn154:1794508:1794551 [1] NCCL INFO Init timings: rank 5 nranks 8 total 2.31 (kernels 0.16, bootstrap 2.02, allgathers 0.01, topo 0.02, graphs 0.08, connections 0.01, rest 0.00)
gcn151:1905514:1905558 [2] NCCL INFO TUNER/Plugin: Could not find: libnccl-tuner.so libnccl-net.so. Using internal tuner plugin.
gcn151:1905514:1905558 [2] NCCL INFO ncclCommInitRank comm 0x4ffd730 rank 2 nranks 8 cudaDev 2 nvmlDev 2 busId a6000 commId 0xa715777d55d3c619 - Init COMPLETE
gcn151:1905514:1905558 [2] NCCL INFO Init timings: rank 2 nranks 8 total 2.31 (kernels 0.17, bootstrap 2.02, allgathers 0.00, topo 0.02, graphs 0.09, connections 0.01, rest 0.00)
gcn151:1905512:1905557 [0] NCCL INFO TUNER/Plugin: Could not find: libnccl-tuner.so libnccl-net.so. Using internal tuner plugin.
gcn151:1905512:1905557 [0] NCCL INFO ncclCommInitRank comm 0x36cc640 rank 0 nranks 8 cudaDev 0 nvmlDev 0 busId 6000 commId 0xa715777d55d3c619 - Init COMPLETE
gcn151:1905512:1905557 [0] NCCL INFO Init timings: rank 0 nranks 8 total 2.31 (kernels 0.16, bootstrap 2.02, allgathers 0.01, topo 0.02, graphs 0.08, connections 0.01, rest 0.00)
gcn151:1905513:1905560 [1] NCCL INFO TUNER/Plugin: Could not find: libnccl-tuner.so libnccl-net.so. Using internal tuner plugin.
gcn151:1905513:1905560 [1] NCCL INFO ncclCommInitRank comm 0x3e9fde0 rank 1 nranks 8 cudaDev 1 nvmlDev 1 busId 26000 commId 0xa715777d55d3c619 - Init COMPLETE
gcn151:1905513:1905560 [1] NCCL INFO Init timings: rank 1 nranks 8 total 2.31 (kernels 0.17, bootstrap 2.01, allgathers 0.01, topo 0.02, graphs 0.09, connections 0.01, rest 0.00)
gcn151:1905515:1905559 [3] NCCL INFO TUNER/Plugin: Could not find: libnccl-tuner.so libnccl-net.so. Using internal tuner plugin.
gcn151:1905515:1905559 [3] NCCL INFO ncclCommInitRank comm 0x3654700 rank 3 nranks 8 cudaDev 3 nvmlDev 3 busId c6000 commId 0xa715777d55d3c619 - Init COMPLETE
gcn151:1905515:1905559 [3] NCCL INFO Init timings: rank 3 nranks 8 total 2.31 (kernels 0.17, bootstrap 2.02, allgathers 0.00, topo 0.03, graphs 0.09, connections 0.01, rest 0.00)
#
#                                                              out-of-place                       in-place          
#       size         count      type   redop    root     time   algbw   busbw #wrong     time   algbw   busbw #wrong
#        (B)    (elements)                               (us)  (GB/s)  (GB/s)            (us)  (GB/s)  (GB/s)       
gcn154:1794509:1794581 [2] NCCL INFO Channel 00/0 : 6[2] -> 7[3] via P2P/CUMEM
gcn154:1794508:1794583 [1] NCCL INFO Channel 00/0 : 5[1] -> 6[2] via P2P/CUMEM
gcn154:1794509:1794581 [2] NCCL INFO Channel 04/0 : 6[2] -> 7[3] via P2P/CUMEM
gcn154:1794508:1794583 [1] NCCL INFO Channel 04/0 : 5[1] -> 6[2] via P2P/CUMEM
gcn151:1905513:1905593 [1] NCCL INFO Channel 00/0 : 1[1] -> 2[2] via P2P/CUMEM
gcn151:1905514:1905592 [2] NCCL INFO Channel 00/0 : 2[2] -> 3[3] via P2P/CUMEM
gcn151:1905514:1905592 [2] NCCL INFO Channel 04/0 : 2[2] -> 3[3] via P2P/CUMEM
gcn151:1905513:1905593 [1] NCCL INFO Channel 04/0 : 1[1] -> 2[2] via P2P/CUMEM
gcn151:1905512:1905591 [0] NCCL INFO Channel 00/0 : 7[3] -> 0[0] [receive] via NET/IB/2/GDRDMA
gcn151:1905515:1905590 [3] NCCL INFO Channel 00/0 : 3[3] -> 4[0] [send] via NET/IB/2(0)/GDRDMA
gcn151:1905512:1905591 [0] NCCL INFO Channel 04/0 : 7[3] -> 0[0] [receive] via NET/IB/2/GDRDMA
gcn151:1905512:1905591 [0] NCCL INFO Channel 00/0 : 0[0] -> 1[1] via P2P/CUMEM
gcn154:1794507:1794582 [0] NCCL INFO Channel 00/0 : 3[3] -> 4[0] [receive] via NET/IB/2/GDRDMA
gcn154:1794510:1794584 [3] NCCL INFO Channel 00/0 : 7[3] -> 0[0] [send] via NET/IB/2(4)/GDRDMA
gcn151:1905515:1905590 [3] NCCL INFO Channel 04/0 : 3[3] -> 4[0] [send] via NET/IB/2(0)/GDRDMA
gcn154:1794507:1794582 [0] NCCL INFO Channel 04/0 : 3[3] -> 4[0] [receive] via NET/IB/2/GDRDMA
gcn154:1794507:1794582 [0] NCCL INFO Channel 00/0 : 4[0] -> 5[1] via P2P/CUMEM
gcn154:1794510:1794584 [3] NCCL INFO Channel 04/0 : 7[3] -> 0[0] [send] via NET/IB/2(4)/GDRDMA
gcn154:1794507:1794582 [0] NCCL INFO Channel 04/0 : 4[0] -> 5[1] via P2P/CUMEM
gcn151:1905512:1905591 [0] NCCL INFO Channel 04/0 : 0[0] -> 1[1] via P2P/CUMEM
gcn154:1794508:1794583 [1] NCCL INFO Channel 01/0 : 5[1] -> 7[3] via P2P/CUMEM
gcn151:1905512:1905591 [0] NCCL INFO Channel 03/0 : 0[0] -> 2[2] via P2P/CUMEM
gcn151:1905513:1905593 [1] NCCL INFO Channel 01/0 : 1[1] -> 3[3] via P2P/CUMEM
gcn154:1794507:1794582 [0] NCCL INFO Channel 03/0 : 4[0] -> 6[2] via P2P/CUMEM
gcn151:1905513:1905593 [1] NCCL INFO Channel 05/0 : 1[1] -> 3[3] via P2P/CUMEM
gcn154:1794507:1794582 [0] NCCL INFO Channel 07/0 : 4[0] -> 6[2] via P2P/CUMEM
gcn151:1905512:1905591 [0] NCCL INFO Channel 07/0 : 0[0] -> 2[2] via P2P/CUMEM
gcn154:1794508:1794583 [1] NCCL INFO Channel 05/0 : 5[1] -> 7[3] via P2P/CUMEM
gcn151:1905512:1905591 [0] NCCL INFO Channel 02/0 : 0[0] -> 3[3] via P2P/CUMEM
gcn154:1794507:1794582 [0] NCCL INFO Channel 02/0 : 4[0] -> 7[3] via P2P/CUMEM
gcn151:1905512:1905591 [0] NCCL INFO Channel 06/0 : 0[0] -> 3[3] via P2P/CUMEM
gcn154:1794507:1794582 [0] NCCL INFO Channel 06/0 : 4[0] -> 7[3] via P2P/CUMEM
gcn154:1794509:1794581 [2] NCCL INFO Channel 02/0 : 3[3] -> 6[2] [receive] via NET/IB/4/GDRDMA
gcn151:1905514:1905592 [2] NCCL INFO Channel 02/0 : 7[3] -> 2[2] [receive] via NET/IB/4/GDRDMA
gcn151:1905515:1905590 [3] NCCL INFO Channel 02/0 : 3[3] -> 6[2] [send] via NET/IB/4(2)/GDRDMA
gcn154:1794510:1794584 [3] NCCL INFO Channel 02/0 : 7[3] -> 2[2] [send] via NET/IB/4(6)/GDRDMA
gcn151:1905513:1905593 [1] NCCL INFO Channel 01/0 : 4[0] -> 1[1] [receive] via NET/IB/1/GDRDMA
gcn154:1794508:1794583 [1] NCCL INFO Channel 01/0 : 0[0] -> 5[1] [receive] via NET/IB/1/GDRDMA
gcn151:1905514:1905592 [2] NCCL INFO Channel 06/0 : 7[3] -> 2[2] [receive] via NET/IB/4/GDRDMA
gcn151:1905515:1905590 [3] NCCL INFO Channel 06/0 : 3[3] -> 6[2] [send] via NET/IB/4(2)/GDRDMA
gcn151:1905513:1905593 [1] NCCL INFO Channel 05/0 : 4[0] -> 1[1] [receive] via NET/IB/1/GDRDMA
gcn154:1794509:1794581 [2] NCCL INFO Channel 06/0 : 3[3] -> 6[2] [receive] via NET/IB/4/GDRDMA
gcn154:1794510:1794584 [3] NCCL INFO Channel 06/0 : 7[3] -> 2[2] [send] via NET/IB/4(6)/GDRDMA
gcn154:1794508:1794583 [1] NCCL INFO Channel 05/0 : 0[0] -> 5[1] [receive] via NET/IB/1/GDRDMA
gcn154:1794507:1794582 [0] NCCL INFO Channel 01/0 : 4[0] -> 1[1] [send] via NET/IB/1(5)/GDRDMA
gcn151:1905512:1905591 [0] NCCL INFO Channel 01/0 : 0[0] -> 5[1] [send] via NET/IB/1(1)/GDRDMA
gcn154:1794507:1794582 [0] NCCL INFO Channel 05/0 : 4[0] -> 1[1] [send] via NET/IB/1(5)/GDRDMA
gcn151:1905512:1905591 [0] NCCL INFO Channel 05/0 : 0[0] -> 5[1] [send] via NET/IB/1(1)/GDRDMA
gcn154:1794510:1794584 [3] NCCL INFO Channel 03/0 : 2[2] -> 7[3] [receive] via NET/IB/3/GDRDMA
gcn151:1905515:1905590 [3] NCCL INFO Channel 03/0 : 6[2] -> 3[3] [receive] via NET/IB/3/GDRDMA
gcn154:1794509:1794581 [2] NCCL INFO Channel 03/0 : 6[2] -> 3[3] [send] via NET/IB/3(7)/GDRDMA
gcn151:1905514:1905592 [2] NCCL INFO Channel 03/0 : 2[2] -> 7[3] [send] via NET/IB/3(3)/GDRDMA
gcn154:1794510:1794584 [3] NCCL INFO Channel 07/0 : 2[2] -> 7[3] [receive] via NET/IB/3/GDRDMA
gcn151:1905515:1905590 [3] NCCL INFO Channel 07/0 : 6[2] -> 3[3] [receive] via NET/IB/3/GDRDMA
gcn154:1794509:1794581 [2] NCCL INFO Channel 07/0 : 6[2] -> 3[3] [send] via NET/IB/3(7)/GDRDMA
gcn151:1905514:1905592 [2] NCCL INFO Channel 07/0 : 2[2] -> 7[3] [send] via NET/IB/3(3)/GDRDMA
gcn151:1905515:1905590 [3] NCCL INFO Channel 03/0 : 3[3] -> 1[1] via P2P/CUMEM
gcn151:1905514:1905592 [2] NCCL INFO Channel 01/0 : 2[2] -> 0[0] via P2P/CUMEM
gcn154:1794509:1794581 [2] NCCL INFO Channel 01/0 : 6[2] -> 4[0] via P2P/CUMEM
gcn154:1794510:1794584 [3] NCCL INFO Channel 03/0 : 7[3] -> 5[1] via P2P/CUMEM
gcn151:1905514:1905592 [2] NCCL INFO Channel 05/0 : 2[2] -> 0[0] via P2P/CUMEM
gcn151:1905515:1905590 [3] NCCL INFO Channel 07/0 : 3[3] -> 1[1] via P2P/CUMEM
gcn154:1794509:1794581 [2] NCCL INFO Channel 05/0 : 6[2] -> 4[0] via P2P/CUMEM
gcn154:1794510:1794584 [3] NCCL INFO Channel 07/0 : 7[3] -> 5[1] via P2P/CUMEM
gcn151:1905515:1905590 [3] NCCL INFO Channel 01/0 : 3[3] -> 2[2] via P2P/CUMEM
gcn154:1794510:1794584 [3] NCCL INFO Channel 01/0 : 7[3] -> 6[2] via P2P/CUMEM
gcn154:1794510:1794584 [3] NCCL INFO Channel 05/0 : 7[3] -> 6[2] via P2P/CUMEM
gcn151:1905515:1905590 [3] NCCL INFO Channel 05/0 : 3[3] -> 2[2] via P2P/CUMEM
gcn151:1905513:1905593 [1] NCCL INFO Channel 02/0 : 1[1] -> 0[0] via P2P/CUMEM
gcn154:1794509:1794581 [2] NCCL INFO Channel 02/0 : 6[2] -> 5[1] via P2P/CUMEM
gcn151:1905514:1905592 [2] NCCL INFO Channel 02/0 : 2[2] -> 1[1] via P2P/CUMEM
gcn154:1794508:1794583 [1] NCCL INFO Channel 02/0 : 5[1] -> 4[0] via P2P/CUMEM
gcn154:1794509:1794581 [2] NCCL INFO Channel 06/0 : 6[2] -> 5[1] via P2P/CUMEM
gcn154:1794508:1794583 [1] NCCL INFO Channel 03/0 : 5[1] -> 4[0] via P2P/CUMEM
gcn151:1905513:1905593 [1] NCCL INFO Channel 03/0 : 1[1] -> 0[0] via P2P/CUMEM
gcn151:1905514:1905592 [2] NCCL INFO Channel 06/0 : 2[2] -> 1[1] via P2P/CUMEM
gcn154:1794508:1794583 [1] NCCL INFO Channel 06/0 : 5[1] -> 4[0] via P2P/CUMEM
gcn151:1905513:1905593 [1] NCCL INFO Channel 06/0 : 1[1] -> 0[0] via P2P/CUMEM
gcn154:1794508:1794583 [1] NCCL INFO Channel 07/0 : 5[1] -> 4[0] via P2P/CUMEM
gcn151:1905513:1905593 [1] NCCL INFO Channel 07/0 : 1[1] -> 0[0] via P2P/CUMEM
gcn151:1905512:1905591 [0] NCCL INFO Connected all rings
gcn151:1905515:1905590 [3] NCCL INFO Connected all rings
gcn154:1794507:1794582 [0] NCCL INFO Connected all rings
gcn151:1905514:1905592 [2] NCCL INFO Connected all rings
gcn151:1905513:1905593 [1] NCCL INFO Connected all rings
gcn154:1794508:1794583 [1] NCCL INFO Connected all rings
gcn154:1794510:1794584 [3] NCCL INFO Connected all rings
gcn154:1794509:1794581 [2] NCCL INFO Connected all rings
           0             0     float     sum      -1     0.13    0.00    0.00      0     0.10    0.00    0.00      0
           0             0     float     sum      -1     0.09    0.00    0.00      0     0.09    0.00    0.00      0
           0             0     float     sum      -1     0.09    0.00    0.00      0     0.09    0.00    0.00      0
           0             0     float     sum      -1     0.09    0.00    0.00      0     0.09    0.00    0.00      0
         128             4     float     sum      -1    17.93    0.01    0.01      0    16.94    0.01    0.01      0
         256             8     float     sum      -1    16.18    0.02    0.01      0    16.44    0.02    0.01      0
         512            16     float     sum      -1    16.33    0.03    0.03      0    16.42    0.03    0.03      0
        1024            32     float     sum      -1    16.52    0.06    0.05      0    16.64    0.06    0.05      0
        2048            64     float     sum      -1    16.77    0.12    0.11      0    16.65    0.12    0.11      0
        4096           128     float     sum      -1    17.06    0.24    0.21      0    16.89    0.24    0.21      0
        8192           256     float     sum      -1    17.65    0.46    0.41      0    17.44    0.47    0.41      0
       16384           512     float     sum      -1    18.52    0.88    0.77      0    18.33    0.89    0.78      0
       32768          1024     float     sum      -1    19.70    1.66    1.46      0    19.49    1.68    1.47      0
       65536          2048     float     sum      -1    23.27    2.82    2.46      0    22.98    2.85    2.50      0
      131072          4096     float     sum      -1    24.53    5.34    4.68      0    23.44    5.59    4.89      0
      262144          8192     float     sum      -1    31.06    8.44    7.38      0    29.49    8.89    7.78      0
      524288         16384     float     sum      -1    40.86   12.83   11.23      0    40.89   12.82   11.22      0
     1048576         32768     float     sum      -1    43.88   23.90   20.91      0    43.40   24.16   21.14      0
     2097152         65536     float     sum      -1    52.81   39.71   34.75      0    55.45   37.82   33.10      0
     4194304        131072     float     sum      -1    72.16   58.13   50.86      0    72.21   58.09   50.82      0
     8388608        262144     float     sum      -1    112.0   74.89   65.53      0    110.3   76.03   66.53      0
    16777216        524288     float     sum      -1    195.5   85.82   75.09      0    195.3   85.90   75.17      0
    33554432       1048576     float     sum      -1    364.7   92.00   80.50      0    365.1   91.90   80.41      0
    67108864       2097152     float     sum      -1    668.9  100.33   87.79      0    668.6  100.37   87.82      0
   134217728       4194304     float     sum      -1   1294.0  103.72   90.76      0   1293.3  103.78   90.80      0
   268435456       8388608     float     sum      -1   2492.7  107.69   94.23      0   2493.2  107.67   94.21      0
   536870912      16777216     float     sum      -1   4895.1  109.68   95.97      0   4896.0  109.65   95.95      0
  1073741824      33554432     float     sum      -1   9698.8  110.71   96.87      0   9697.1  110.73   96.89      0
  2147483648      67108864     float     sum      -1    19311  111.21   97.31      0    19306  111.24   97.33      0
  4294967296     134217728     float     sum      -1    38520  111.50   97.56      0    38533  111.46   97.53      0
  8589934592     268435456     float     sum      -1    76945  111.64   97.68      0    76948  111.63   97.68      0
gcn151:1905512:1905512 [0] NCCL INFO comm 0x36cc640 rank 0 nranks 8 cudaDev 0 busId 6000 - Destroy COMPLETE
gcn154:1794508:1794508 [1] NCCL INFO comm 0x36d3f90 rank 5 nranks 8 cudaDev 1 busId 26000 - Destroy COMPLETE
# Out of bounds values : 0 OK
# Avg bus bandwidth    : 35.9589 
#
# Collective test concluded: reduce_scatter_perf_mpi
gcn151:1905513:1905513 [1] NCCL INFO comm 0x3e9fde0 rank 1 nranks 8 cudaDev 1 busId 26000 - Destroy COMPLETE
gcn154:1794507:1794507 [0] NCCL INFO comm 0x3e82490 rank 4 nranks 8 cudaDev 0 busId 6000 - Destroy COMPLETE
gcn154:1794510:1794510 [3] NCCL INFO comm 0x40b0ef0 rank 7 nranks 8 cudaDev 3 busId c6000 - Destroy COMPLETE
gcn151:1905514:1905514 [2] NCCL INFO comm 0x4ffd730 rank 2 nranks 8 cudaDev 2 busId a6000 - Destroy COMPLETE
gcn151:1905515:1905515 [3] NCCL INFO comm 0x3654700 rank 3 nranks 8 cudaDev 3 busId c6000 - Destroy COMPLETE
gcn154:1794509:1794509 [2] NCCL INFO comm 0x3d31630 rank 6 nranks 8 cudaDev 2 busId a6000 - Destroy COMPLETE

