# Collective test starting: all_reduce_perf
# nThread 1 nGpus 4 minBytes 4 maxBytes 134217728 step: 2(factor) warmup iters: 5 iters: 20 agg iters: 1 validation: 1 graph: 0
#
# Using devices
#  Rank  0 Group  0 Pid 1539421 on     gcn155 device  0 [0000:06:00] NVIDIA H100
#  Rank  1 Group  0 Pid 1539421 on     gcn155 device  1 [0000:26:00] NVIDIA H100
#  Rank  2 Group  0 Pid 1539421 on     gcn155 device  2 [0000:a6:00] NVIDIA H100
#  Rank  3 Group  0 Pid 1539421 on     gcn155 device  3 [0000:c6:00] NVIDIA H100
gcn155:1539421:1539421 [0] NCCL INFO NCCL_SOCKET_IFNAME set by environment to eno2np0
gcn155:1539421:1539421 [0] NCCL INFO Bootstrap : Using eno2np0:172.18.62.155<0>
gcn155:1539421:1539421 [0] NCCL INFO cudaDriverVersion 12090
gcn155:1539421:1539421 [3] NCCL INFO NCCL version 2.22.3+cuda12.6
gcn155:1539421:1539444 [3] NCCL INFO NET/Plugin: Could not find: libnccl-net.so. Using internal network plugin.
gcn155:1539421:1539441 [0] NCCL INFO NET/Plugin: Could not find: libnccl-net.so. Using internal network plugin.
gcn155:1539421:1539444 [3] NCCL INFO NCCL_SOCKET_IFNAME set by environment to eno2np0
gcn155:1539421:1539444 [3] NCCL INFO NET/IB : Using [0]mlx5_0:1/RoCE [1]mlx5_2:1/IB [2]mlx5_3:1/IB [3]mlx5_4:1/IB [4]mlx5_5:1/IB [RO]; OOB eno2np0:172.18.62.155<0>
gcn155:1539421:1539444 [3] NCCL INFO Using network IB
gcn155:1539421:1539441 [0] NCCL INFO Using network IB
gcn155:1539421:1539443 [2] NCCL INFO Using network IB
gcn155:1539421:1539442 [1] NCCL INFO Using network IB
gcn155:1539421:1539441 [0] NCCL INFO ncclCommInitRank comm 0x607b6c0 rank 0 nranks 4 cudaDev 0 nvmlDev 0 busId 6000 commId 0x5041293e43b98f6d - Init START
gcn155:1539421:1539444 [3] NCCL INFO ncclCommInitRank comm 0x611c370 rank 3 nranks 4 cudaDev 3 nvmlDev 3 busId c6000 commId 0x5041293e43b98f6d - Init START
gcn155:1539421:1539442 [1] NCCL INFO ncclCommInitRank comm 0x60b1050 rank 1 nranks 4 cudaDev 1 nvmlDev 1 busId 26000 commId 0x5041293e43b98f6d - Init START
gcn155:1539421:1539443 [2] NCCL INFO ncclCommInitRank comm 0x60e69e0 rank 2 nranks 4 cudaDev 2 nvmlDev 2 busId a6000 commId 0x5041293e43b98f6d - Init START
gcn155:1539421:1539442 [1] NCCL INFO Setting affinity for GPU 1 to ffffffff
gcn155:1539421:1539441 [0] NCCL INFO Setting affinity for GPU 0 to ffffffff
gcn155:1539421:1539442 [1] NCCL INFO NVLS multicast support is not available on dev 1
gcn155:1539421:1539441 [0] NCCL INFO NVLS multicast support is not available on dev 0
gcn155:1539421:1539444 [3] NCCL INFO Setting affinity for GPU 3 to ffffffff,00000000
gcn155:1539421:1539444 [3] NCCL INFO NVLS multicast support is not available on dev 3
gcn155:1539421:1539443 [2] NCCL INFO Setting affinity for GPU 2 to ffffffff,00000000
gcn155:1539421:1539443 [2] NCCL INFO NVLS multicast support is not available on dev 2
gcn155:1539421:1539444 [3] NCCL INFO comm 0x611c370 rank 3 nRanks 4 nNodes 1 localRanks 4 localRank 3 MNNVL 0
gcn155:1539421:1539441 [0] NCCL INFO comm 0x607b6c0 rank 0 nRanks 4 nNodes 1 localRanks 4 localRank 0 MNNVL 0
gcn155:1539421:1539444 [3] NCCL INFO Trees [0] -1/-1/-1->3->2 [1] -1/-1/-1->3->2 [2] -1/-1/-1->3->2 [3] -1/-1/-1->3->2 [4] -1/-1/-1->3->1 [5] -1/-1/-1->3->1 [6] -1/-1/-1->3->1 [7] -1/-1/-1->3->1 [8] 2/-1/-1->3->0 [9] 2/-1/-1->3->0 [10] 2/-1/-1->3->0 [11] 2/-1/-1->3->0 [12] -1/-1/-1->3->2 [13] -1/-1/-1->3->2 [14] -1/-1/-1->3->2 [15] -1/-1/-1->3->2 [16] -1/-1/-1->3->1 [17] -1/-1/-1->3->1 [18] -1/-1/-1->3->1 [19] -1/-1/-1->3->1 [20] 2/-1/-1->3->0 [21] 2/-1/-1->3->0 [22] 2/-1/-1->3->0 [23] 2/-1/-1->3->0
gcn155:1539421:1539441 [0] NCCL INFO Channel 00/24 :    0   1   2   3
gcn155:1539421:1539443 [2] NCCL INFO comm 0x60e69e0 rank 2 nRanks 4 nNodes 1 localRanks 4 localRank 2 MNNVL 0
gcn155:1539421:1539444 [3] NCCL INFO P2P Chunksize set to 524288
gcn155:1539421:1539443 [2] NCCL INFO Trees [0] 3/-1/-1->2->1 [1] 3/-1/-1->2->1 [2] 3/-1/-1->2->1 [3] 3/-1/-1->2->1 [4] 1/-1/-1->2->0 [5] 1/-1/-1->2->0 [6] 1/-1/-1->2->0 [7] 1/-1/-1->2->0 [8] -1/-1/-1->2->3 [9] -1/-1/-1->2->3 [10] -1/-1/-1->2->3 [11] -1/-1/-1->2->3 [12] 3/-1/-1->2->1 [13] 3/-1/-1->2->1 [14] 3/-1/-1->2->1 [15] 3/-1/-1->2->1 [16] 1/-1/-1->2->0 [17] 1/-1/-1->2->0 [18] 1/-1/-1->2->0 [19] 1/-1/-1->2->0 [20] -1/-1/-1->2->3 [21] -1/-1/-1->2->3 [22] -1/-1/-1->2->3 [23] -1/-1/-1->2->3
gcn155:1539421:1539443 [2] NCCL INFO P2P Chunksize set to 524288
gcn155:1539421:1539442 [1] NCCL INFO comm 0x60b1050 rank 1 nRanks 4 nNodes 1 localRanks 4 localRank 1 MNNVL 0
gcn155:1539421:1539441 [0] NCCL INFO Channel 01/24 :    0   1   3   2
gcn155:1539421:1539441 [0] NCCL INFO Channel 02/24 :    0   2   3   1
gcn155:1539421:1539441 [0] NCCL INFO Channel 03/24 :    0   2   1   3
gcn155:1539421:1539441 [0] NCCL INFO Channel 04/24 :    0   3   1   2
gcn155:1539421:1539441 [0] NCCL INFO Channel 05/24 :    0   3   2   1
gcn155:1539421:1539441 [0] NCCL INFO Channel 06/24 :    0   1   2   3
gcn155:1539421:1539441 [0] NCCL INFO Channel 07/24 :    0   1   3   2
gcn155:1539421:1539441 [0] NCCL INFO Channel 08/24 :    0   2   3   1
gcn155:1539421:1539441 [0] NCCL INFO Channel 09/24 :    0   2   1   3
gcn155:1539421:1539441 [0] NCCL INFO Channel 10/24 :    0   3   1   2
gcn155:1539421:1539441 [0] NCCL INFO Channel 11/24 :    0   3   2   1
gcn155:1539421:1539441 [0] NCCL INFO Channel 12/24 :    0   1   2   3
gcn155:1539421:1539441 [0] NCCL INFO Channel 13/24 :    0   1   3   2
gcn155:1539421:1539441 [0] NCCL INFO Channel 14/24 :    0   2   3   1
gcn155:1539421:1539441 [0] NCCL INFO Channel 15/24 :    0   2   1   3
gcn155:1539421:1539441 [0] NCCL INFO Channel 16/24 :    0   3   1   2
gcn155:1539421:1539441 [0] NCCL INFO Channel 17/24 :    0   3   2   1
gcn155:1539421:1539441 [0] NCCL INFO Channel 18/24 :    0   1   2   3
gcn155:1539421:1539441 [0] NCCL INFO Channel 19/24 :    0   1   3   2
gcn155:1539421:1539441 [0] NCCL INFO Channel 20/24 :    0   2   3   1
gcn155:1539421:1539441 [0] NCCL INFO Channel 21/24 :    0   2   1   3
gcn155:1539421:1539441 [0] NCCL INFO Channel 22/24 :    0   3   1   2
gcn155:1539421:1539441 [0] NCCL INFO Channel 23/24 :    0   3   2   1
gcn155:1539421:1539442 [1] NCCL INFO Trees [0] 2/-1/-1->1->0 [1] 2/-1/-1->1->0 [2] 2/-1/-1->1->0 [3] 2/-1/-1->1->0 [4] 3/-1/-1->1->2 [5] 3/-1/-1->1->2 [6] 3/-1/-1->1->2 [7] 3/-1/-1->1->2 [8] 0/-1/-1->1->-1 [9] 0/-1/-1->1->-1 [10] 0/-1/-1->1->-1 [11] 0/-1/-1->1->-1 [12] 2/-1/-1->1->0 [13] 2/-1/-1->1->0 [14] 2/-1/-1->1->0 [15] 2/-1/-1->1->0 [16] 3/-1/-1->1->2 [17] 3/-1/-1->1->2 [18] 3/-1/-1->1->2 [19] 3/-1/-1->1->2 [20] 0/-1/-1->1->-1 [21] 0/-1/-1->1->-1 [22] 0/-1/-1->1->-1 [23] 0/-1/-1->1->-1
gcn155:1539421:1539441 [0] NCCL INFO Trees [0] 1/-1/-1->0->-1 [1] 1/-1/-1->0->-1 [2] 1/-1/-1->0->-1 [3] 1/-1/-1->0->-1 [4] 2/-1/-1->0->-1 [5] 2/-1/-1->0->-1 [6] 2/-1/-1->0->-1 [7] 2/-1/-1->0->-1 [8] 3/-1/-1->0->1 [9] 3/-1/-1->0->1 [10] 3/-1/-1->0->1 [11] 3/-1/-1->0->1 [12] 1/-1/-1->0->-1 [13] 1/-1/-1->0->-1 [14] 1/-1/-1->0->-1 [15] 1/-1/-1->0->-1 [16] 2/-1/-1->0->-1 [17] 2/-1/-1->0->-1 [18] 2/-1/-1->0->-1 [19] 2/-1/-1->0->-1 [20] 3/-1/-1->0->1 [21] 3/-1/-1->0->1 [22] 3/-1/-1->0->1 [23] 3/-1/-1->0->1
gcn155:1539421:1539441 [0] NCCL INFO P2P Chunksize set to 524288
gcn155:1539421:1539442 [1] NCCL INFO P2P Chunksize set to 524288
gcn155:1539421:1539441 [0] NCCL INFO threadThresholds 8/8/64 | 32/8/64 | 512 | 512
gcn155:1539421:1539441 [0] NCCL INFO 24 coll channels, 24 collnet channels, 0 nvls channels, 32 p2p channels, 16 p2p channels per peer
gcn155:1539421:1539444 [3] NCCL INFO threadThresholds 8/8/64 | 32/8/64 | 512 | 512
gcn155:1539421:1539444 [3] NCCL INFO 24 coll channels, 24 collnet channels, 0 nvls channels, 32 p2p channels, 16 p2p channels per peer
gcn155:1539421:1539441 [0] NCCL INFO CC Off, Multi-GPU CC Off, workFifoBytes 1048576
gcn155:1539421:1539442 [1] NCCL INFO threadThresholds 8/8/64 | 32/8/64 | 512 | 512
gcn155:1539421:1539442 [1] NCCL INFO 24 coll channels, 24 collnet channels, 0 nvls channels, 32 p2p channels, 16 p2p channels per peer
gcn155:1539421:1539443 [2] NCCL INFO threadThresholds 8/8/64 | 32/8/64 | 512 | 512
gcn155:1539421:1539443 [2] NCCL INFO 24 coll channels, 24 collnet channels, 0 nvls channels, 32 p2p channels, 16 p2p channels per peer
gcn155:1539421:1539442 [1] NCCL INFO TUNER/Plugin: Could not find: libnccl-tuner.so libnccl-net.so. Using internal tuner plugin.
gcn155:1539421:1539442 [1] NCCL INFO ncclCommInitRank comm 0x60b1050 rank 1 nranks 4 cudaDev 1 nvmlDev 1 busId 26000 commId 0x5041293e43b98f6d - Init COMPLETE
gcn155:1539421:1539442 [1] NCCL INFO Init timings: rank 1 nranks 4 total 1.12 (kernels 0.46, bootstrap 0.54, allgathers 0.00, topo 0.03, graphs 0.02, connections 0.04, rest 0.02)
gcn155:1539421:1539444 [3] NCCL INFO ncclCommInitRank comm 0x611c370 rank 3 nranks 4 cudaDev 3 nvmlDev 3 busId c6000 commId 0x5041293e43b98f6d - Init COMPLETE
gcn155:1539421:1539443 [2] NCCL INFO ncclCommInitRank comm 0x60e69e0 rank 2 nranks 4 cudaDev 2 nvmlDev 2 busId a6000 commId 0x5041293e43b98f6d - Init COMPLETE
gcn155:1539421:1539441 [0] NCCL INFO ncclCommInitRank comm 0x607b6c0 rank 0 nranks 4 cudaDev 0 nvmlDev 0 busId 6000 commId 0x5041293e43b98f6d - Init COMPLETE
gcn155:1539421:1539441 [0] NCCL INFO Init timings: rank 0 nranks 4 total 1.12 (kernels 0.46, bootstrap 0.55, allgathers 0.00, topo 0.03, graphs 0.02, connections 0.04, rest 0.02)
gcn155:1539421:1539443 [2] NCCL INFO Init timings: rank 2 nranks 4 total 1.12 (kernels 0.46, bootstrap 0.55, allgathers 0.00, topo 0.03, graphs 0.02, connections 0.04, rest 0.02)
gcn155:1539421:1539444 [3] NCCL INFO Init timings: rank 3 nranks 4 total 1.12 (kernels 0.45, bootstrap 0.55, allgathers 0.00, topo 0.03, graphs 0.02, connections 0.04, rest 0.01)
#
#                                                              out-of-place                       in-place          
#       size         count      type   redop    root     time   algbw   busbw #wrong     time   algbw   busbw #wrong
#        (B)    (elements)                               (us)  (GB/s)  (GB/s)            (us)  (GB/s)  (GB/s)       
gcn155:1539421:1539468 [3] NCCL INFO Channel 00/0 : 3[3] -> 0[0] via P2P/direct pointer
gcn155:1539421:1539471 [0] NCCL INFO Channel 00/0 : 0[0] -> 1[1] via P2P/direct pointer
gcn155:1539421:1539469 [2] NCCL INFO Channel 00/0 : 2[2] -> 3[3] via P2P/direct pointer
gcn155:1539421:1539470 [1] NCCL INFO Channel 00/0 : 1[1] -> 2[2] via P2P/direct pointer
gcn155:1539421:1539468 [3] NCCL INFO Channel 03/0 : 3[3] -> 0[0] via P2P/direct pointer
gcn155:1539421:1539471 [0] NCCL INFO Channel 01/0 : 0[0] -> 1[1] via P2P/direct pointer
gcn155:1539421:1539469 [2] NCCL INFO Channel 02/0 : 2[2] -> 3[3] via P2P/direct pointer
gcn155:1539421:1539471 [0] NCCL INFO Channel 06/0 : 0[0] -> 1[1] via P2P/direct pointer
gcn155:1539421:1539468 [3] NCCL INFO Channel 06/0 : 3[3] -> 0[0] via P2P/direct pointer
gcn155:1539421:1539470 [1] NCCL INFO Channel 04/0 : 1[1] -> 2[2] via P2P/direct pointer
gcn155:1539421:1539469 [2] NCCL INFO Channel 06/0 : 2[2] -> 3[3] via P2P/direct pointer
gcn155:1539421:1539470 [1] NCCL INFO Channel 06/0 : 1[1] -> 2[2] via P2P/direct pointer
gcn155:1539421:1539468 [3] NCCL INFO Channel 09/0 : 3[3] -> 0[0] via P2P/direct pointer
gcn155:1539421:1539469 [2] NCCL INFO Channel 08/0 : 2[2] -> 3[3] via P2P/direct pointer
gcn155:1539421:1539471 [0] NCCL INFO Channel 07/0 : 0[0] -> 1[1] via P2P/direct pointer
gcn155:1539421:1539470 [1] NCCL INFO Channel 10/0 : 1[1] -> 2[2] via P2P/direct pointer
gcn155:1539421:1539468 [3] NCCL INFO Channel 12/0 : 3[3] -> 0[0] via P2P/direct pointer
gcn155:1539421:1539469 [2] NCCL INFO Channel 12/0 : 2[2] -> 3[3] via P2P/direct pointer
gcn155:1539421:1539471 [0] NCCL INFO Channel 12/0 : 0[0] -> 1[1] via P2P/direct pointer
gcn155:1539421:1539468 [3] NCCL INFO Channel 15/0 : 3[3] -> 0[0] via P2P/direct pointer
gcn155:1539421:1539470 [1] NCCL INFO Channel 12/0 : 1[1] -> 2[2] via P2P/direct pointer
gcn155:1539421:1539471 [0] NCCL INFO Channel 13/0 : 0[0] -> 1[1] via P2P/direct pointer
gcn155:1539421:1539468 [3] NCCL INFO Channel 18/0 : 3[3] -> 0[0] via P2P/direct pointer
gcn155:1539421:1539469 [2] NCCL INFO Channel 14/0 : 2[2] -> 3[3] via P2P/direct pointer
gcn155:1539421:1539470 [1] NCCL INFO Channel 16/0 : 1[1] -> 2[2] via P2P/direct pointer
gcn155:1539421:1539471 [0] NCCL INFO Channel 18/0 : 0[0] -> 1[1] via P2P/direct pointer
gcn155:1539421:1539468 [3] NCCL INFO Channel 21/0 : 3[3] -> 0[0] via P2P/direct pointer
gcn155:1539421:1539470 [1] NCCL INFO Channel 18/0 : 1[1] -> 2[2] via P2P/direct pointer
gcn155:1539421:1539469 [2] NCCL INFO Channel 18/0 : 2[2] -> 3[3] via P2P/direct pointer
gcn155:1539421:1539471 [0] NCCL INFO Channel 19/0 : 0[0] -> 1[1] via P2P/direct pointer
gcn155:1539421:1539470 [1] NCCL INFO Channel 22/0 : 1[1] -> 2[2] via P2P/direct pointer
gcn155:1539421:1539469 [2] NCCL INFO Channel 20/0 : 2[2] -> 3[3] via P2P/direct pointer
gcn155:1539421:1539471 [0] NCCL INFO Channel 02/0 : 0[0] -> 2[2] via P2P/direct pointer
gcn155:1539421:1539468 [3] NCCL INFO Channel 02/0 : 3[3] -> 1[1] via P2P/direct pointer
gcn155:1539421:1539470 [1] NCCL INFO Channel 01/0 : 1[1] -> 3[3] via P2P/direct pointer
gcn155:1539421:1539469 [2] NCCL INFO Channel 01/0 : 2[2] -> 0[0] via P2P/direct pointer
gcn155:1539421:1539471 [0] NCCL INFO Channel 03/0 : 0[0] -> 2[2] via P2P/direct pointer
gcn155:1539421:1539468 [3] NCCL INFO Channel 04/0 : 3[3] -> 1[1] via P2P/direct pointer
gcn155:1539421:1539470 [1] NCCL INFO Channel 03/0 : 1[1] -> 3[3] via P2P/direct pointer
gcn155:1539421:1539469 [2] NCCL INFO Channel 04/0 : 2[2] -> 0[0] via P2P/direct pointer
gcn155:1539421:1539470 [1] NCCL INFO Channel 07/0 : 1[1] -> 3[3] via P2P/direct pointer
gcn155:1539421:1539471 [0] NCCL INFO Channel 08/0 : 0[0] -> 2[2] via P2P/direct pointer
gcn155:1539421:1539468 [3] NCCL INFO Channel 08/0 : 3[3] -> 1[1] via P2P/direct pointer
gcn155:1539421:1539469 [2] NCCL INFO Channel 07/0 : 2[2] -> 0[0] via P2P/direct pointer
gcn155:1539421:1539470 [1] NCCL INFO Channel 09/0 : 1[1] -> 3[3] via P2P/direct pointer
gcn155:1539421:1539471 [0] NCCL INFO Channel 09/0 : 0[0] -> 2[2] via P2P/direct pointer
gcn155:1539421:1539468 [3] NCCL INFO Channel 10/0 : 3[3] -> 1[1] via P2P/direct pointer
gcn155:1539421:1539469 [2] NCCL INFO Channel 10/0 : 2[2] -> 0[0] via P2P/direct pointer
gcn155:1539421:1539470 [1] NCCL INFO Channel 13/0 : 1[1] -> 3[3] via P2P/direct pointer
gcn155:1539421:1539468 [3] NCCL INFO Channel 14/0 : 3[3] -> 1[1] via P2P/direct pointer
gcn155:1539421:1539471 [0] NCCL INFO Channel 14/0 : 0[0] -> 2[2] via P2P/direct pointer
gcn155:1539421:1539469 [2] NCCL INFO Channel 13/0 : 2[2] -> 0[0] via P2P/direct pointer
gcn155:1539421:1539470 [1] NCCL INFO Channel 15/0 : 1[1] -> 3[3] via P2P/direct pointer
gcn155:1539421:1539471 [0] NCCL INFO Channel 15/0 : 0[0] -> 2[2] via P2P/direct pointer
gcn155:1539421:1539468 [3] NCCL INFO Channel 16/0 : 3[3] -> 1[1] via P2P/direct pointer
gcn155:1539421:1539469 [2] NCCL INFO Channel 16/0 : 2[2] -> 0[0] via P2P/direct pointer
gcn155:1539421:1539470 [1] NCCL INFO Channel 19/0 : 1[1] -> 3[3] via P2P/direct pointer
gcn155:1539421:1539471 [0] NCCL INFO Channel 20/0 : 0[0] -> 2[2] via P2P/direct pointer
gcn155:1539421:1539469 [2] NCCL INFO Channel 19/0 : 2[2] -> 0[0] via P2P/direct pointer
gcn155:1539421:1539468 [3] NCCL INFO Channel 20/0 : 3[3] -> 1[1] via P2P/direct pointer
gcn155:1539421:1539470 [1] NCCL INFO Channel 21/0 : 1[1] -> 3[3] via P2P/direct pointer
gcn155:1539421:1539469 [2] NCCL INFO Channel 22/0 : 2[2] -> 0[0] via P2P/direct pointer
gcn155:1539421:1539471 [0] NCCL INFO Channel 21/0 : 0[0] -> 2[2] via P2P/direct pointer
gcn155:1539421:1539468 [3] NCCL INFO Channel 22/0 : 3[3] -> 1[1] via P2P/direct pointer
gcn155:1539421:1539469 [2] NCCL INFO Channel 03/0 : 2[2] -> 1[1] via P2P/direct pointer
gcn155:1539421:1539471 [0] NCCL INFO Channel 04/0 : 0[0] -> 3[3] via P2P/direct pointer
gcn155:1539421:1539470 [1] NCCL INFO Channel 02/0 : 1[1] -> 0[0] via P2P/direct pointer
gcn155:1539421:1539468 [3] NCCL INFO Channel 01/0 : 3[3] -> 2[2] via P2P/direct pointer
gcn155:1539421:1539471 [0] NCCL INFO Channel 05/0 : 0[0] -> 3[3] via P2P/direct pointer
gcn155:1539421:1539469 [2] NCCL INFO Channel 05/0 : 2[2] -> 1[1] via P2P/direct pointer
gcn155:1539421:1539470 [1] NCCL INFO Channel 05/0 : 1[1] -> 0[0] via P2P/direct pointer
gcn155:1539421:1539468 [3] NCCL INFO Channel 05/0 : 3[3] -> 2[2] via P2P/direct pointer
gcn155:1539421:1539469 [2] NCCL INFO Channel 09/0 : 2[2] -> 1[1] via P2P/direct pointer
gcn155:1539421:1539471 [0] NCCL INFO Channel 10/0 : 0[0] -> 3[3] via P2P/direct pointer
gcn155:1539421:1539468 [3] NCCL INFO Channel 07/0 : 3[3] -> 2[2] via P2P/direct pointer
gcn155:1539421:1539470 [1] NCCL INFO Channel 08/0 : 1[1] -> 0[0] via P2P/direct pointer
gcn155:1539421:1539471 [0] NCCL INFO Channel 11/0 : 0[0] -> 3[3] via P2P/direct pointer
gcn155:1539421:1539469 [2] NCCL INFO Channel 11/0 : 2[2] -> 1[1] via P2P/direct pointer
gcn155:1539421:1539470 [1] NCCL INFO Channel 11/0 : 1[1] -> 0[0] via P2P/direct pointer
gcn155:1539421:1539468 [3] NCCL INFO Channel 11/0 : 3[3] -> 2[2] via P2P/direct pointer
gcn155:1539421:1539471 [0] NCCL INFO Channel 16/0 : 0[0] -> 3[3] via P2P/direct pointer
gcn155:1539421:1539469 [2] NCCL INFO Channel 15/0 : 2[2] -> 1[1] via P2P/direct pointer
gcn155:1539421:1539470 [1] NCCL INFO Channel 14/0 : 1[1] -> 0[0] via P2P/direct pointer
gcn155:1539421:1539468 [3] NCCL INFO Channel 13/0 : 3[3] -> 2[2] via P2P/direct pointer
gcn155:1539421:1539471 [0] NCCL INFO Channel 17/0 : 0[0] -> 3[3] via P2P/direct pointer
gcn155:1539421:1539469 [2] NCCL INFO Channel 17/0 : 2[2] -> 1[1] via P2P/direct pointer
gcn155:1539421:1539468 [3] NCCL INFO Channel 17/0 : 3[3] -> 2[2] via P2P/direct pointer
gcn155:1539421:1539469 [2] NCCL INFO Channel 21/0 : 2[2] -> 1[1] via P2P/direct pointer
gcn155:1539421:1539470 [1] NCCL INFO Channel 17/0 : 1[1] -> 0[0] via P2P/direct pointer
gcn155:1539421:1539471 [0] NCCL INFO Channel 22/0 : 0[0] -> 3[3] via P2P/direct pointer
gcn155:1539421:1539468 [3] NCCL INFO Channel 19/0 : 3[3] -> 2[2] via P2P/direct pointer
gcn155:1539421:1539469 [2] NCCL INFO Channel 23/0 : 2[2] -> 1[1] via P2P/direct pointer
gcn155:1539421:1539470 [1] NCCL INFO Channel 20/0 : 1[1] -> 0[0] via P2P/direct pointer
gcn155:1539421:1539471 [0] NCCL INFO Channel 23/0 : 0[0] -> 3[3] via P2P/direct pointer
gcn155:1539421:1539468 [3] NCCL INFO Channel 23/0 : 3[3] -> 2[2] via P2P/direct pointer
gcn155:1539421:1539470 [1] NCCL INFO Channel 23/0 : 1[1] -> 0[0] via P2P/direct pointer
gcn155:1539421:1539468 [3] NCCL INFO Connected all rings
gcn155:1539421:1539471 [0] NCCL INFO Connected all rings
gcn155:1539421:1539469 [2] NCCL INFO Connected all rings
gcn155:1539421:1539470 [1] NCCL INFO Connected all rings
           4             1     float     sum      -1    17.05    0.00    0.00      0    17.07    0.00    0.00      0
           8             2     float     sum      -1    16.73    0.00    0.00      0    16.76    0.00    0.00      0
          16             4     float     sum      -1    16.87    0.00    0.00      0    16.72    0.00    0.00      0
          32             8     float     sum      -1    16.65    0.00    0.00      0    16.54    0.00    0.00      0
          64            16     float     sum      -1    16.88    0.00    0.01      0    17.32    0.00    0.01      0
         128            32     float     sum      -1    16.85    0.01    0.01      0    16.68    0.01    0.01      0
         256            64     float     sum      -1    17.33    0.01    0.02      0    16.75    0.02    0.02      0
         512           128     float     sum      -1    16.89    0.03    0.05      0    16.77    0.03    0.05      0
        1024           256     float     sum      -1    16.89    0.06    0.09      0    16.65    0.06    0.09      0
        2048           512     float     sum      -1    16.86    0.12    0.18      0    16.67    0.12    0.18      0
        4096          1024     float     sum      -1    16.87    0.24    0.36      0    16.94    0.24    0.36      0
        8192          2048     float     sum      -1    16.95    0.48    0.72      0    16.89    0.49    0.73      0
       16384          4096     float     sum      -1    16.59    0.99    1.48      0    16.96    0.97    1.45      0
       32768          8192     float     sum      -1    16.95    1.93    2.90      0    16.74    1.96    2.94      0
       65536         16384     float     sum      -1    17.80    3.68    5.52      0    17.16    3.82    5.73      0
      131072         32768     float     sum      -1    17.87    7.34   11.00      0    17.87    7.33   11.00      0
      262144         65536     float     sum      -1    19.25   13.62   20.43      0    19.46   13.47   20.21      0
      524288        131072     float     sum      -1    20.28   25.85   38.77      0    20.48   25.60   38.40      0
     1048576        262144     float     sum      -1    20.67   50.73   76.10      0    20.24   51.79   77.69      0
     2097152        524288     float     sum      -1    32.44   64.64   96.96      0    32.02   65.49   98.24      0
     4194304       1048576     float     sum      -1    44.98   93.25  139.87      0    44.53   94.19  141.28      0
     8388608       2097152     float     sum      -1    66.44  126.26  189.40      0    65.35  128.36  192.55      0
    16777216       4194304     float     sum      -1    101.9  164.61  246.92      0    99.01  169.45  254.18      0
    33554432       8388608     float     sum      -1    180.0  186.45  279.68      0    178.4  188.13  282.19      0
    67108864      16777216     float     sum      -1    327.4  204.99  307.48      0    326.0  205.87  308.81      0
   134217728      33554432     float     sum      -1    621.4  215.99  323.99      0    619.9  216.51  324.76      0
gcn155:1539421:1539421 [0] NCCL INFO comm 0x607b6c0 rank 0 nranks 4 cudaDev 0 busId 6000 - Destroy COMPLETE
gcn155:1539421:1539421 [3] NCCL INFO comm 0x611c370 rank 3 nranks 4 cudaDev 3 busId c6000 - Destroy COMPLETE
gcn155:1539421:1539421 [2] NCCL INFO comm 0x60e69e0 rank 2 nranks 4 cudaDev 2 busId a6000 - Destroy COMPLETE
gcn155:1539421:1539421 [1] NCCL INFO comm 0x60b1050 rank 1 nranks 4 cudaDev 1 busId 26000 - Destroy COMPLETE
# Out of bounds values : 0 OK
# Avg bus bandwidth    : 67.3623 
#
# Collective test concluded: all_reduce_perf

